MPLINK 5.09, LINKER
Linker Map File - Created Thu Feb 20 16:53:59 2020

                                 Section Info
                  Section       Type    Address   Location Size(Bytes)
                ---------  ---------  ---------  ---------  ---------
                      rst       code   0x000000    program   0x000004
                   .cinit    romdata   0x000004    program   0x000002
                   hi_int       code   0x000008    program   0x000066
                      LCD       code   0x00006e    program   0x000100
                     main       code   0x00016e    program   0x0000ac
                    flash       code   0x00021a    program   0x00008a
                   random       code   0x0002a4    program   0x000054
                interrupt       code   0x0002f8    program   0x000020
                    pdata       code   0x000318    program   0x00001e
                   keypad       code   0x000336    program   0x00001c
.config_300000_BUILD/DEFAULT/DEBUG/CONFIG.O    romdata   0x300000    program   0x000001
.config_300001_BUILD/DEFAULT/DEBUG/CONFIG.O    romdata   0x300001    program   0x000001
.config_300002_BUILD/DEFAULT/DEBUG/CONFIG.O    romdata   0x300002    program   0x000001
.config_300003_BUILD/DEFAULT/DEBUG/CONFIG.O    romdata   0x300003    program   0x000001
.config_300004_BUILD/DEFAULT/DEBUG/CONFIG.O    romdata   0x300004    program   0x000001
.config_300005_BUILD/DEFAULT/DEBUG/CONFIG.O    romdata   0x300005    program   0x000001
.config_300006_BUILD/DEFAULT/DEBUG/CONFIG.O    romdata   0x300006    program   0x000001
.config_300008_BUILD/DEFAULT/DEBUG/CONFIG.O    romdata   0x300008    program   0x000001
.config_300009_BUILD/DEFAULT/DEBUG/CONFIG.O    romdata   0x300009    program   0x000001
.config_30000A_BUILD/DEFAULT/DEBUG/CONFIG.O    romdata   0x30000a    program   0x000001
.config_30000B_BUILD/DEFAULT/DEBUG/CONFIG.O    romdata   0x30000b    program   0x000001
.config_30000C_BUILD/DEFAULT/DEBUG/CONFIG.O    romdata   0x30000c    program   0x000001
.config_30000D_BUILD/DEFAULT/DEBUG/CONFIG.O    romdata   0x30000d    program   0x000001
                     acs0      udata   0x000000       data   0x00002c
                   tables      udata   0x000400       data   0x000080



                              Program Memory Usage 
                               Start         End      
                           ---------   ---------      
                            0x000000    0x000005      
                            0x000008    0x000351      
                            0x300000    0x300006      
                            0x300008    0x30000d      
            861 out of 132120 program addresses used, program memory utilization is 0%



                              Symbols - Sorted by Name
                     Name    Address   Location    Storage File                     
                ---------  ---------  ---------  --------- ---------                
        LCD_Clear_Display   0x0000c4    program     extern H:\Y3\Labs\Microprocessors\Memory_Game\LCD.asm
               LCD_Enable   0x00011e    program     static H:\Y3\Labs\Microprocessors\Memory_Game\LCD.asm
         LCD_Loop_message   0x0000d4    program     static H:\Y3\Labs\Microprocessors\Memory_Game\LCD.asm
          LCD_Send_Byte_D   0x0000fc    program     static H:\Y3\Labs\Microprocessors\Memory_Game\LCD.asm
          LCD_Send_Byte_I   0x0000e0    program     static H:\Y3\Labs\Microprocessors\Memory_Game\LCD.asm
                LCD_Setup   0x00006e    program     extern H:\Y3\Labs\Microprocessors\Memory_Game\LCD.asm
        LCD_Write_Message   0x0000d2    program     extern H:\Y3\Labs\Microprocessors\Memory_Game\LCD.asm
                LCD_delay   0x000164    program     static H:\Y3\Labs\Microprocessors\Memory_Game\LCD.asm
             LCD_delay_ms   0x000142    program     static H:\Y3\Labs\Microprocessors\Memory_Game\LCD.asm
           LCD_delay_x4us   0x000150    program     static H:\Y3\Labs\Microprocessors\Memory_Game\LCD.asm
             _hi_int_006A   0x00006a    program     static H:\Y3\Labs\Microprocessors\Memory_Game\interrupt.asm
               _main_003E   0x000212    program     static H:\Y3\Labs\Microprocessors\Memory_Game\Main.asm
               _main_0042   0x000216    program     static H:\Y3\Labs\Microprocessors\Memory_Game\Main.asm
                  allLEDS   0x000274    program     static H:\Y3\Labs\Microprocessors\Memory_Game\Flash_Seq.asm
                     blue   0x000038    program     static H:\Y3\Labs\Microprocessors\Memory_Game\interrupt.asm
                    clock   0x000060    program     static H:\Y3\Labs\Microprocessors\Memory_Game\interrupt.asm
                  compare   0x000056    program     static H:\Y3\Labs\Microprocessors\Memory_Game\interrupt.asm
                  compare   0x000250    program     static H:\Y3\Labs\Microprocessors\Memory_Game\Flash_Seq.asm
                    delay   0x0001ce    program     static H:\Y3\Labs\Microprocessors\Memory_Game\StartMessage.asm
                    delay   0x00028a    program     static H:\Y3\Labs\Microprocessors\Memory_Game\Flash_Seq.asm
                   delay1   0x000294    program     static H:\Y3\Labs\Microprocessors\Memory_Game\Flash_Seq.asm
                   delay2   0x00029e    program     static H:\Y3\Labs\Microprocessors\Memory_Game\Flash_Seq.asm
               delayreset   0x000280    program     static H:\Y3\Labs\Microprocessors\Memory_Game\Flash_Seq.asm
                errormess   0x000066    program     static H:\Y3\Labs\Microprocessors\Memory_Game\interrupt.asm
                  failure   0x000196    program     extern H:\Y3\Labs\Microprocessors\Memory_Game\StartMessage.asm
                 greeting   0x000178    program     extern H:\Y3\Labs\Microprocessors\Memory_Game\StartMessage.asm
                  hurryup   0x0001fe    program     static H:\Y3\Labs\Microprocessors\Memory_Game\Main.asm
                  initial   0x000318    program     static H:\Y3\Labs\Microprocessors\Memory_Game\StartMessage.asm
                   int_on   0x0002f8    program     extern H:\Y3\Labs\Microprocessors\Memory_Game\interrupt.asm
               keypadloop   0x000340    program     extern H:\Y3\Labs\Microprocessors\Memory_Game\keypad.asm
              keypadsetup   0x000336    program     extern H:\Y3\Labs\Microprocessors\Memory_Game\keypad.asm
                   lcdlp1   0x000166    program     static H:\Y3\Labs\Microprocessors\Memory_Game\LCD.asm
                   lcdlp2   0x000144    program     static H:\Y3\Labs\Microprocessors\Memory_Game\LCD.asm
                    leave   0x000216    program     static H:\Y3\Labs\Microprocessors\Memory_Game\Main.asm
                    level   0x0001f0    program     static H:\Y3\Labs\Microprocessors\Memory_Game\Main.asm
                     load   0x0002b6    program     extern H:\Y3\Labs\Microprocessors\Memory_Game\lfsr.asm
                     loop   0x0001b4    program     static H:\Y3\Labs\Microprocessors\Memory_Game\StartMessage.asm
                nextlevel   0x000212    program     static H:\Y3\Labs\Microprocessors\Memory_Game\Main.asm
                  produce   0x0002cc    program     extern H:\Y3\Labs\Microprocessors\Memory_Game\lfsr.asm
                     read   0x00022e    program     extern H:\Y3\Labs\Microprocessors\Memory_Game\Flash_Seq.asm
                      red   0x00002e    program     static H:\Y3\Labs\Microprocessors\Memory_Game\interrupt.asm
                 setflash   0x00021a    program     extern H:\Y3\Labs\Microprocessors\Memory_Game\Flash_Seq.asm
                  setlfsr   0x0002a4    program     extern H:\Y3\Labs\Microprocessors\Memory_Game\lfsr.asm
                    setup   0x00016e    program     extern H:\Y3\Labs\Microprocessors\Memory_Game\StartMessage.asm
                    shift   0x0002e2    program     extern H:\Y3\Labs\Microprocessors\Memory_Game\lfsr.asm
                    start   0x0001d4    program     static H:\Y3\Labs\Microprocessors\Memory_Game\Main.asm
                   violet   0x000042    program     static H:\Y3\Labs\Microprocessors\Memory_Game\interrupt.asm
                    wrong   0x000326    program     static H:\Y3\Labs\Microprocessors\Memory_Game\StartMessage.asm
                   yellow   0x00004c    program     static H:\Y3\Labs\Microprocessors\Memory_Game\interrupt.asm
                LCD_cnt_h   0x000014       data     static H:\Y3\Labs\Microprocessors\Memory_Game\LCD.asm
                LCD_cnt_l   0x000013       data     static H:\Y3\Labs\Microprocessors\Memory_Game\LCD.asm
               LCD_cnt_ms   0x000015       data     static H:\Y3\Labs\Microprocessors\Memory_Game\LCD.asm
              LCD_counter   0x000017       data     static H:\Y3\Labs\Microprocessors\Memory_Game\LCD.asm
                  LCD_tmp   0x000016       data     static H:\Y3\Labs\Microprocessors\Memory_Game\LCD.asm
              LFSRCounter   0x00001d       data     extern H:\Y3\Labs\Microprocessors\Memory_Game\lfsr.asm
             TextLocation   0x000400       data     static H:\Y3\Labs\Microprocessors\Memory_Game\StartMessage.asm
                     blue   0x000024       data     static H:\Y3\Labs\Microprocessors\Memory_Game\Flash_Seq.asm
                countdown   0x00002a       data     extern H:\Y3\Labs\Microprocessors\Memory_Game\Main.asm
                  counter   0x000000       data     static H:\Y3\Labs\Microprocessors\Memory_Game\StartMessage.asm
                       d0   0x000027       data     static H:\Y3\Labs\Microprocessors\Memory_Game\Main.asm
                       d0   0x00001e       data     static H:\Y3\Labs\Microprocessors\Memory_Game\Flash_Seq.asm
                       d1   0x000028       data     static H:\Y3\Labs\Microprocessors\Memory_Game\Main.asm
                       d1   0x00001f       data     static H:\Y3\Labs\Microprocessors\Memory_Game\Flash_Seq.asm
                       d2   0x000029       data     static H:\Y3\Labs\Microprocessors\Memory_Game\Main.asm
                       d2   0x000020       data     static H:\Y3\Labs\Microprocessors\Memory_Game\Flash_Seq.asm
              delay_count   0x000001       data     static H:\Y3\Labs\Microprocessors\Memory_Game\StartMessage.asm
             flashcounter   0x000021       data     extern H:\Y3\Labs\Microprocessors\Memory_Game\Flash_Seq.asm
                   length   0x000012       data     static H:\Y3\Labs\Microprocessors\Memory_Game\StartMessage.asm
                  message   0x000002       data     static H:\Y3\Labs\Microprocessors\Memory_Game\StartMessage.asm
               no_buttons   0x00002b       data     extern H:\Y3\Labs\Microprocessors\Memory_Game\Main.asm
                   random   0x00001c       data     static H:\Y3\Labs\Microprocessors\Memory_Game\lfsr.asm
                      red   0x000023       data     static H:\Y3\Labs\Microprocessors\Memory_Game\Flash_Seq.asm
                       s0   0x000018       data     static H:\Y3\Labs\Microprocessors\Memory_Game\lfsr.asm
                       s1   0x000019       data     static H:\Y3\Labs\Microprocessors\Memory_Game\lfsr.asm
                       s2   0x00001a       data     static H:\Y3\Labs\Microprocessors\Memory_Game\lfsr.asm
                       s3   0x00001b       data     static H:\Y3\Labs\Microprocessors\Memory_Game\lfsr.asm
                   signal   0x000022       data     static H:\Y3\Labs\Microprocessors\Memory_Game\Flash_Seq.asm
                   violet   0x000025       data     static H:\Y3\Labs\Microprocessors\Memory_Game\Flash_Seq.asm
                   yellow   0x000026       data     static H:\Y3\Labs\Microprocessors\Memory_Game\Flash_Seq.asm



                              Symbols - Sorted by Address
                     Name    Address   Location    Storage File                     
                ---------  ---------  ---------  --------- ---------                
                      red   0x00002e    program     static H:\Y3\Labs\Microprocessors\Memory_Game\interrupt.asm
                     blue   0x000038    program     static H:\Y3\Labs\Microprocessors\Memory_Game\interrupt.asm
                   violet   0x000042    program     static H:\Y3\Labs\Microprocessors\Memory_Game\interrupt.asm
                   yellow   0x00004c    program     static H:\Y3\Labs\Microprocessors\Memory_Game\interrupt.asm
                  compare   0x000056    program     static H:\Y3\Labs\Microprocessors\Memory_Game\interrupt.asm
                    clock   0x000060    program     static H:\Y3\Labs\Microprocessors\Memory_Game\interrupt.asm
                errormess   0x000066    program     static H:\Y3\Labs\Microprocessors\Memory_Game\interrupt.asm
             _hi_int_006A   0x00006a    program     static H:\Y3\Labs\Microprocessors\Memory_Game\interrupt.asm
                LCD_Setup   0x00006e    program     extern H:\Y3\Labs\Microprocessors\Memory_Game\LCD.asm
        LCD_Clear_Display   0x0000c4    program     extern H:\Y3\Labs\Microprocessors\Memory_Game\LCD.asm
        LCD_Write_Message   0x0000d2    program     extern H:\Y3\Labs\Microprocessors\Memory_Game\LCD.asm
         LCD_Loop_message   0x0000d4    program     static H:\Y3\Labs\Microprocessors\Memory_Game\LCD.asm
          LCD_Send_Byte_I   0x0000e0    program     static H:\Y3\Labs\Microprocessors\Memory_Game\LCD.asm
          LCD_Send_Byte_D   0x0000fc    program     static H:\Y3\Labs\Microprocessors\Memory_Game\LCD.asm
               LCD_Enable   0x00011e    program     static H:\Y3\Labs\Microprocessors\Memory_Game\LCD.asm
             LCD_delay_ms   0x000142    program     static H:\Y3\Labs\Microprocessors\Memory_Game\LCD.asm
                   lcdlp2   0x000144    program     static H:\Y3\Labs\Microprocessors\Memory_Game\LCD.asm
           LCD_delay_x4us   0x000150    program     static H:\Y3\Labs\Microprocessors\Memory_Game\LCD.asm
                LCD_delay   0x000164    program     static H:\Y3\Labs\Microprocessors\Memory_Game\LCD.asm
                   lcdlp1   0x000166    program     static H:\Y3\Labs\Microprocessors\Memory_Game\LCD.asm
                    setup   0x00016e    program     extern H:\Y3\Labs\Microprocessors\Memory_Game\StartMessage.asm
                 greeting   0x000178    program     extern H:\Y3\Labs\Microprocessors\Memory_Game\StartMessage.asm
                  failure   0x000196    program     extern H:\Y3\Labs\Microprocessors\Memory_Game\StartMessage.asm
                     loop   0x0001b4    program     static H:\Y3\Labs\Microprocessors\Memory_Game\StartMessage.asm
                    delay   0x0001ce    program     static H:\Y3\Labs\Microprocessors\Memory_Game\StartMessage.asm
                    start   0x0001d4    program     static H:\Y3\Labs\Microprocessors\Memory_Game\Main.asm
                    level   0x0001f0    program     static H:\Y3\Labs\Microprocessors\Memory_Game\Main.asm
                  hurryup   0x0001fe    program     static H:\Y3\Labs\Microprocessors\Memory_Game\Main.asm
               _main_003E   0x000212    program     static H:\Y3\Labs\Microprocessors\Memory_Game\Main.asm
                nextlevel   0x000212    program     static H:\Y3\Labs\Microprocessors\Memory_Game\Main.asm
               _main_0042   0x000216    program     static H:\Y3\Labs\Microprocessors\Memory_Game\Main.asm
                    leave   0x000216    program     static H:\Y3\Labs\Microprocessors\Memory_Game\Main.asm
                 setflash   0x00021a    program     extern H:\Y3\Labs\Microprocessors\Memory_Game\Flash_Seq.asm
                     read   0x00022e    program     extern H:\Y3\Labs\Microprocessors\Memory_Game\Flash_Seq.asm
                  compare   0x000250    program     static H:\Y3\Labs\Microprocessors\Memory_Game\Flash_Seq.asm
                  allLEDS   0x000274    program     static H:\Y3\Labs\Microprocessors\Memory_Game\Flash_Seq.asm
               delayreset   0x000280    program     static H:\Y3\Labs\Microprocessors\Memory_Game\Flash_Seq.asm
                    delay   0x00028a    program     static H:\Y3\Labs\Microprocessors\Memory_Game\Flash_Seq.asm
                   delay1   0x000294    program     static H:\Y3\Labs\Microprocessors\Memory_Game\Flash_Seq.asm
                   delay2   0x00029e    program     static H:\Y3\Labs\Microprocessors\Memory_Game\Flash_Seq.asm
                  setlfsr   0x0002a4    program     extern H:\Y3\Labs\Microprocessors\Memory_Game\lfsr.asm
                     load   0x0002b6    program     extern H:\Y3\Labs\Microprocessors\Memory_Game\lfsr.asm
                  produce   0x0002cc    program     extern H:\Y3\Labs\Microprocessors\Memory_Game\lfsr.asm
                    shift   0x0002e2    program     extern H:\Y3\Labs\Microprocessors\Memory_Game\lfsr.asm
                   int_on   0x0002f8    program     extern H:\Y3\Labs\Microprocessors\Memory_Game\interrupt.asm
                  initial   0x000318    program     static H:\Y3\Labs\Microprocessors\Memory_Game\StartMessage.asm
                    wrong   0x000326    program     static H:\Y3\Labs\Microprocessors\Memory_Game\StartMessage.asm
              keypadsetup   0x000336    program     extern H:\Y3\Labs\Microprocessors\Memory_Game\keypad.asm
               keypadloop   0x000340    program     extern H:\Y3\Labs\Microprocessors\Memory_Game\keypad.asm
                  counter   0x000000       data     static H:\Y3\Labs\Microprocessors\Memory_Game\StartMessage.asm
              delay_count   0x000001       data     static H:\Y3\Labs\Microprocessors\Memory_Game\StartMessage.asm
                  message   0x000002       data     static H:\Y3\Labs\Microprocessors\Memory_Game\StartMessage.asm
                   length   0x000012       data     static H:\Y3\Labs\Microprocessors\Memory_Game\StartMessage.asm
                LCD_cnt_l   0x000013       data     static H:\Y3\Labs\Microprocessors\Memory_Game\LCD.asm
                LCD_cnt_h   0x000014       data     static H:\Y3\Labs\Microprocessors\Memory_Game\LCD.asm
               LCD_cnt_ms   0x000015       data     static H:\Y3\Labs\Microprocessors\Memory_Game\LCD.asm
                  LCD_tmp   0x000016       data     static H:\Y3\Labs\Microprocessors\Memory_Game\LCD.asm
              LCD_counter   0x000017       data     static H:\Y3\Labs\Microprocessors\Memory_Game\LCD.asm
                       s0   0x000018       data     static H:\Y3\Labs\Microprocessors\Memory_Game\lfsr.asm
                       s1   0x000019       data     static H:\Y3\Labs\Microprocessors\Memory_Game\lfsr.asm
                       s2   0x00001a       data     static H:\Y3\Labs\Microprocessors\Memory_Game\lfsr.asm
                       s3   0x00001b       data     static H:\Y3\Labs\Microprocessors\Memory_Game\lfsr.asm
                   random   0x00001c       data     static H:\Y3\Labs\Microprocessors\Memory_Game\lfsr.asm
              LFSRCounter   0x00001d       data     extern H:\Y3\Labs\Microprocessors\Memory_Game\lfsr.asm
                       d0   0x00001e       data     static H:\Y3\Labs\Microprocessors\Memory_Game\Flash_Seq.asm
                       d1   0x00001f       data     static H:\Y3\Labs\Microprocessors\Memory_Game\Flash_Seq.asm
                       d2   0x000020       data     static H:\Y3\Labs\Microprocessors\Memory_Game\Flash_Seq.asm
             flashcounter   0x000021       data     extern H:\Y3\Labs\Microprocessors\Memory_Game\Flash_Seq.asm
                   signal   0x000022       data     static H:\Y3\Labs\Microprocessors\Memory_Game\Flash_Seq.asm
                      red   0x000023       data     static H:\Y3\Labs\Microprocessors\Memory_Game\Flash_Seq.asm
                     blue   0x000024       data     static H:\Y3\Labs\Microprocessors\Memory_Game\Flash_Seq.asm
                   violet   0x000025       data     static H:\Y3\Labs\Microprocessors\Memory_Game\Flash_Seq.asm
                   yellow   0x000026       data     static H:\Y3\Labs\Microprocessors\Memory_Game\Flash_Seq.asm
                       d0   0x000027       data     static H:\Y3\Labs\Microprocessors\Memory_Game\Main.asm
                       d1   0x000028       data     static H:\Y3\Labs\Microprocessors\Memory_Game\Main.asm
                       d2   0x000029       data     static H:\Y3\Labs\Microprocessors\Memory_Game\Main.asm
                countdown   0x00002a       data     extern H:\Y3\Labs\Microprocessors\Memory_Game\Main.asm
               no_buttons   0x00002b       data     extern H:\Y3\Labs\Microprocessors\Memory_Game\Main.asm
             TextLocation   0x000400       data     static H:\Y3\Labs\Microprocessors\Memory_Game\StartMessage.asm


