MPLINK 5.09, LINKER
Linker Map File - Created Fri Feb 21 12:36:40 2020

                                 Section Info
                  Section       Type    Address   Location Size(Bytes)
                ---------  ---------  ---------  ---------  ---------
                      rst       code   0x000000    program   0x000004
                   .cinit    romdata   0x000004    program   0x000002
                   hi_int       code   0x000008    program   0x00000a
                      LCD       code   0x000012    program   0x000100
                     main       code   0x000112    program   0x0000e4
                    flash       code   0x0001f6    program   0x0000a0
                   keypad       code   0x000296    program   0x00009c
                   random       code   0x000332    program   0x000058
                    pdata       code   0x00038a    program   0x00002a
                interrupt       code   0x0003b4    program   0x00000a
.config_300000_BUILD/DEFAULT/DEBUG/CONFIG.O    romdata   0x300000    program   0x000001
.config_300001_BUILD/DEFAULT/DEBUG/CONFIG.O    romdata   0x300001    program   0x000001
.config_300002_BUILD/DEFAULT/DEBUG/CONFIG.O    romdata   0x300002    program   0x000001
.config_300003_BUILD/DEFAULT/DEBUG/CONFIG.O    romdata   0x300003    program   0x000001
.config_300004_BUILD/DEFAULT/DEBUG/CONFIG.O    romdata   0x300004    program   0x000001
.config_300005_BUILD/DEFAULT/DEBUG/CONFIG.O    romdata   0x300005    program   0x000001
.config_300006_BUILD/DEFAULT/DEBUG/CONFIG.O    romdata   0x300006    program   0x000001
.config_300008_BUILD/DEFAULT/DEBUG/CONFIG.O    romdata   0x300008    program   0x000001
.config_300009_BUILD/DEFAULT/DEBUG/CONFIG.O    romdata   0x300009    program   0x000001
.config_30000A_BUILD/DEFAULT/DEBUG/CONFIG.O    romdata   0x30000a    program   0x000001
.config_30000B_BUILD/DEFAULT/DEBUG/CONFIG.O    romdata   0x30000b    program   0x000001
.config_30000C_BUILD/DEFAULT/DEBUG/CONFIG.O    romdata   0x30000c    program   0x000001
.config_30000D_BUILD/DEFAULT/DEBUG/CONFIG.O    romdata   0x30000d    program   0x000001
                     acs0      udata   0x000000       data   0x00002e
                   tables      udata   0x000400       data   0x000080



                              Program Memory Usage 
                               Start         End      
                           ---------   ---------      
                            0x000000    0x000005      
                            0x000008    0x0003bd      
                            0x300000    0x300006      
                            0x300008    0x30000d      
            969 out of 132120 program addresses used, program memory utilization is 0%



                              Symbols - Sorted by Name
                     Name    Address   Location    Storage File                     
                ---------  ---------  ---------  --------- ---------                
        LCD_Clear_Display   0x000068    program     extern H:\Y3\Labs\Microprocessors\Memory_Game\LCD.asm
               LCD_Enable   0x0000c2    program     static H:\Y3\Labs\Microprocessors\Memory_Game\LCD.asm
         LCD_Loop_message   0x000078    program     static H:\Y3\Labs\Microprocessors\Memory_Game\LCD.asm
          LCD_Send_Byte_D   0x0000a0    program     static H:\Y3\Labs\Microprocessors\Memory_Game\LCD.asm
          LCD_Send_Byte_I   0x000084    program     static H:\Y3\Labs\Microprocessors\Memory_Game\LCD.asm
                LCD_Setup   0x000012    program     extern H:\Y3\Labs\Microprocessors\Memory_Game\LCD.asm
        LCD_Write_Message   0x000076    program     extern H:\Y3\Labs\Microprocessors\Memory_Game\LCD.asm
                LCD_delay   0x000108    program     static H:\Y3\Labs\Microprocessors\Memory_Game\LCD.asm
             LCD_delay_ms   0x0000e6    program     static H:\Y3\Labs\Microprocessors\Memory_Game\LCD.asm
           LCD_delay_x4us   0x0000f4    program     static H:\Y3\Labs\Microprocessors\Memory_Game\LCD.asm
             _keypad_0098   0x00032e    program     static H:\Y3\Labs\Microprocessors\Memory_Game\keypad.asm
               _main_005C   0x0001f2    program     static H:\Y3\Labs\Microprocessors\Memory_Game\Main.asm
                  allLEDS   0x000252    program     static H:\Y3\Labs\Microprocessors\Memory_Game\Flash_Seq.asm
                 bigdelay   0x000268    program     extern H:\Y3\Labs\Microprocessors\Memory_Game\Flash_Seq.asm
                     blue   0x000302    program     static H:\Y3\Labs\Microprocessors\Memory_Game\keypad.asm
                    check   0x000320    program     static H:\Y3\Labs\Microprocessors\Memory_Game\keypad.asm
                  compare   0x00022e    program     static H:\Y3\Labs\Microprocessors\Memory_Game\Flash_Seq.asm
                    delay   0x000190    program     static H:\Y3\Labs\Microprocessors\Memory_Game\StartMessage.asm
                    delay   0x00027c    program     extern H:\Y3\Labs\Microprocessors\Memory_Game\Flash_Seq.asm
                   delay1   0x000286    program     static H:\Y3\Labs\Microprocessors\Memory_Game\Flash_Seq.asm
                   delay2   0x000290    program     static H:\Y3\Labs\Microprocessors\Memory_Game\Flash_Seq.asm
               delayreset   0x00025e    program     extern H:\Y3\Labs\Microprocessors\Memory_Game\Flash_Seq.asm
                   delayy   0x0001f6    program     static H:\Y3\Labs\Microprocessors\Memory_Game\Main.asm
                errormess   0x00032a    program     static H:\Y3\Labs\Microprocessors\Memory_Game\keypad.asm
                  failure   0x00013a    program     extern H:\Y3\Labs\Microprocessors\Memory_Game\StartMessage.asm
                 greeting   0x00011c    program     extern H:\Y3\Labs\Microprocessors\Memory_Game\StartMessage.asm
                  initial   0x00038a    program     static H:\Y3\Labs\Microprocessors\Memory_Game\StartMessage.asm
                   int_on   0x0003b4    program     extern H:\Y3\Labs\Microprocessors\Memory_Game\interrupt.asm
               keypadloop   0x0002a2    program     extern H:\Y3\Labs\Microprocessors\Memory_Game\keypad.asm
              keypadsetup   0x000296    program     extern H:\Y3\Labs\Microprocessors\Memory_Game\keypad.asm
                   lcdlp1   0x00010a    program     static H:\Y3\Labs\Microprocessors\Memory_Game\LCD.asm
                   lcdlp2   0x0000e8    program     static H:\Y3\Labs\Microprocessors\Memory_Game\LCD.asm
                    leave   0x0001f2    program     extern H:\Y3\Labs\Microprocessors\Memory_Game\Main.asm
                    level   0x0001c4    program     static H:\Y3\Labs\Microprocessors\Memory_Game\Main.asm
             levelmessage   0x000158    program     extern H:\Y3\Labs\Microprocessors\Memory_Game\StartMessage.asm
                     load   0x000344    program     extern H:\Y3\Labs\Microprocessors\Memory_Game\lfsr.asm
                     loop   0x000176    program     static H:\Y3\Labs\Microprocessors\Memory_Game\StartMessage.asm
                     next   0x0003a8    program     static H:\Y3\Labs\Microprocessors\Memory_Game\StartMessage.asm
                nextlevel   0x0001da    program     extern H:\Y3\Labs\Microprocessors\Memory_Game\Main.asm
                  produce   0x00035e    program     extern H:\Y3\Labs\Microprocessors\Memory_Game\lfsr.asm
                     read   0x00020a    program     extern H:\Y3\Labs\Microprocessors\Memory_Game\Flash_Seq.asm
                readinput   0x0002bc    program     extern H:\Y3\Labs\Microprocessors\Memory_Game\keypad.asm
                      red   0x0002f8    program     static H:\Y3\Labs\Microprocessors\Memory_Game\keypad.asm
                 setflash   0x0001f6    program     extern H:\Y3\Labs\Microprocessors\Memory_Game\Flash_Seq.asm
                  setlfsr   0x000332    program     extern H:\Y3\Labs\Microprocessors\Memory_Game\lfsr.asm
                    setup   0x000112    program     extern H:\Y3\Labs\Microprocessors\Memory_Game\StartMessage.asm
                    shift   0x000374    program     extern H:\Y3\Labs\Microprocessors\Memory_Game\lfsr.asm
               shortdelay   0x000272    program     extern H:\Y3\Labs\Microprocessors\Memory_Game\Flash_Seq.asm
                    start   0x000196    program     static H:\Y3\Labs\Microprocessors\Memory_Game\Main.asm
                   violet   0x00030c    program     static H:\Y3\Labs\Microprocessors\Memory_Game\keypad.asm
                    wrong   0x000398    program     static H:\Y3\Labs\Microprocessors\Memory_Game\StartMessage.asm
                   yellow   0x000316    program     static H:\Y3\Labs\Microprocessors\Memory_Game\keypad.asm
                LCD_cnt_h   0x000014       data     static H:\Y3\Labs\Microprocessors\Memory_Game\LCD.asm
                LCD_cnt_l   0x000013       data     static H:\Y3\Labs\Microprocessors\Memory_Game\LCD.asm
               LCD_cnt_ms   0x000015       data     static H:\Y3\Labs\Microprocessors\Memory_Game\LCD.asm
              LCD_counter   0x000017       data     static H:\Y3\Labs\Microprocessors\Memory_Game\LCD.asm
                  LCD_tmp   0x000016       data     static H:\Y3\Labs\Microprocessors\Memory_Game\LCD.asm
              LFSRCounter   0x00001d       data     extern H:\Y3\Labs\Microprocessors\Memory_Game\lfsr.asm
             TextLocation   0x000400       data     static H:\Y3\Labs\Microprocessors\Memory_Game\StartMessage.asm
                     blue   0x000024       data     static H:\Y3\Labs\Microprocessors\Memory_Game\Flash_Seq.asm
                countdown   0x00002a       data     extern H:\Y3\Labs\Microprocessors\Memory_Game\Main.asm
                  counter   0x000000       data     static H:\Y3\Labs\Microprocessors\Memory_Game\StartMessage.asm
                       d0   0x000027       data     static H:\Y3\Labs\Microprocessors\Memory_Game\Main.asm
                       d0   0x00001e       data     static H:\Y3\Labs\Microprocessors\Memory_Game\Flash_Seq.asm
                       d1   0x000028       data     static H:\Y3\Labs\Microprocessors\Memory_Game\Main.asm
                       d1   0x00001f       data     static H:\Y3\Labs\Microprocessors\Memory_Game\Flash_Seq.asm
                       d2   0x000029       data     static H:\Y3\Labs\Microprocessors\Memory_Game\Main.asm
                       d2   0x000020       data     static H:\Y3\Labs\Microprocessors\Memory_Game\Flash_Seq.asm
              delay_count   0x000001       data     static H:\Y3\Labs\Microprocessors\Memory_Game\StartMessage.asm
             flashcounter   0x000021       data     extern H:\Y3\Labs\Microprocessors\Memory_Game\Flash_Seq.asm
                   length   0x000012       data     static H:\Y3\Labs\Microprocessors\Memory_Game\StartMessage.asm
                  message   0x000002       data     static H:\Y3\Labs\Microprocessors\Memory_Game\StartMessage.asm
               no_buttons   0x00002b       data     extern H:\Y3\Labs\Microprocessors\Memory_Game\Main.asm
                  pressed   0x00002d       data     extern H:\Y3\Labs\Microprocessors\Memory_Game\keypad.asm
                   random   0x00001c       data     static H:\Y3\Labs\Microprocessors\Memory_Game\lfsr.asm
                      red   0x000023       data     static H:\Y3\Labs\Microprocessors\Memory_Game\Flash_Seq.asm
                       s0   0x000018       data     static H:\Y3\Labs\Microprocessors\Memory_Game\lfsr.asm
                       s1   0x000019       data     static H:\Y3\Labs\Microprocessors\Memory_Game\lfsr.asm
                       s2   0x00001a       data     static H:\Y3\Labs\Microprocessors\Memory_Game\lfsr.asm
                       s3   0x00001b       data     static H:\Y3\Labs\Microprocessors\Memory_Game\lfsr.asm
                 sequence   0x00002c       data     extern H:\Y3\Labs\Microprocessors\Memory_Game\Main.asm
                   signal   0x000022       data     static H:\Y3\Labs\Microprocessors\Memory_Game\Flash_Seq.asm
                   violet   0x000025       data     static H:\Y3\Labs\Microprocessors\Memory_Game\Flash_Seq.asm
                   yellow   0x000026       data     static H:\Y3\Labs\Microprocessors\Memory_Game\Flash_Seq.asm



                              Symbols - Sorted by Address
                     Name    Address   Location    Storage File                     
                ---------  ---------  ---------  --------- ---------                
                LCD_Setup   0x000012    program     extern H:\Y3\Labs\Microprocessors\Memory_Game\LCD.asm
        LCD_Clear_Display   0x000068    program     extern H:\Y3\Labs\Microprocessors\Memory_Game\LCD.asm
        LCD_Write_Message   0x000076    program     extern H:\Y3\Labs\Microprocessors\Memory_Game\LCD.asm
         LCD_Loop_message   0x000078    program     static H:\Y3\Labs\Microprocessors\Memory_Game\LCD.asm
          LCD_Send_Byte_I   0x000084    program     static H:\Y3\Labs\Microprocessors\Memory_Game\LCD.asm
          LCD_Send_Byte_D   0x0000a0    program     static H:\Y3\Labs\Microprocessors\Memory_Game\LCD.asm
               LCD_Enable   0x0000c2    program     static H:\Y3\Labs\Microprocessors\Memory_Game\LCD.asm
             LCD_delay_ms   0x0000e6    program     static H:\Y3\Labs\Microprocessors\Memory_Game\LCD.asm
                   lcdlp2   0x0000e8    program     static H:\Y3\Labs\Microprocessors\Memory_Game\LCD.asm
           LCD_delay_x4us   0x0000f4    program     static H:\Y3\Labs\Microprocessors\Memory_Game\LCD.asm
                LCD_delay   0x000108    program     static H:\Y3\Labs\Microprocessors\Memory_Game\LCD.asm
                   lcdlp1   0x00010a    program     static H:\Y3\Labs\Microprocessors\Memory_Game\LCD.asm
                    setup   0x000112    program     extern H:\Y3\Labs\Microprocessors\Memory_Game\StartMessage.asm
                 greeting   0x00011c    program     extern H:\Y3\Labs\Microprocessors\Memory_Game\StartMessage.asm
                  failure   0x00013a    program     extern H:\Y3\Labs\Microprocessors\Memory_Game\StartMessage.asm
             levelmessage   0x000158    program     extern H:\Y3\Labs\Microprocessors\Memory_Game\StartMessage.asm
                     loop   0x000176    program     static H:\Y3\Labs\Microprocessors\Memory_Game\StartMessage.asm
                    delay   0x000190    program     static H:\Y3\Labs\Microprocessors\Memory_Game\StartMessage.asm
                    start   0x000196    program     static H:\Y3\Labs\Microprocessors\Memory_Game\Main.asm
                    level   0x0001c4    program     static H:\Y3\Labs\Microprocessors\Memory_Game\Main.asm
                nextlevel   0x0001da    program     extern H:\Y3\Labs\Microprocessors\Memory_Game\Main.asm
                    leave   0x0001f2    program     extern H:\Y3\Labs\Microprocessors\Memory_Game\Main.asm
               _main_005C   0x0001f2    program     static H:\Y3\Labs\Microprocessors\Memory_Game\Main.asm
                 setflash   0x0001f6    program     extern H:\Y3\Labs\Microprocessors\Memory_Game\Flash_Seq.asm
                   delayy   0x0001f6    program     static H:\Y3\Labs\Microprocessors\Memory_Game\Main.asm
                     read   0x00020a    program     extern H:\Y3\Labs\Microprocessors\Memory_Game\Flash_Seq.asm
                  compare   0x00022e    program     static H:\Y3\Labs\Microprocessors\Memory_Game\Flash_Seq.asm
                  allLEDS   0x000252    program     static H:\Y3\Labs\Microprocessors\Memory_Game\Flash_Seq.asm
               delayreset   0x00025e    program     extern H:\Y3\Labs\Microprocessors\Memory_Game\Flash_Seq.asm
                 bigdelay   0x000268    program     extern H:\Y3\Labs\Microprocessors\Memory_Game\Flash_Seq.asm
               shortdelay   0x000272    program     extern H:\Y3\Labs\Microprocessors\Memory_Game\Flash_Seq.asm
                    delay   0x00027c    program     extern H:\Y3\Labs\Microprocessors\Memory_Game\Flash_Seq.asm
                   delay1   0x000286    program     static H:\Y3\Labs\Microprocessors\Memory_Game\Flash_Seq.asm
                   delay2   0x000290    program     static H:\Y3\Labs\Microprocessors\Memory_Game\Flash_Seq.asm
              keypadsetup   0x000296    program     extern H:\Y3\Labs\Microprocessors\Memory_Game\keypad.asm
               keypadloop   0x0002a2    program     extern H:\Y3\Labs\Microprocessors\Memory_Game\keypad.asm
                readinput   0x0002bc    program     extern H:\Y3\Labs\Microprocessors\Memory_Game\keypad.asm
                      red   0x0002f8    program     static H:\Y3\Labs\Microprocessors\Memory_Game\keypad.asm
                     blue   0x000302    program     static H:\Y3\Labs\Microprocessors\Memory_Game\keypad.asm
                   violet   0x00030c    program     static H:\Y3\Labs\Microprocessors\Memory_Game\keypad.asm
                   yellow   0x000316    program     static H:\Y3\Labs\Microprocessors\Memory_Game\keypad.asm
                    check   0x000320    program     static H:\Y3\Labs\Microprocessors\Memory_Game\keypad.asm
                errormess   0x00032a    program     static H:\Y3\Labs\Microprocessors\Memory_Game\keypad.asm
             _keypad_0098   0x00032e    program     static H:\Y3\Labs\Microprocessors\Memory_Game\keypad.asm
                  setlfsr   0x000332    program     extern H:\Y3\Labs\Microprocessors\Memory_Game\lfsr.asm
                     load   0x000344    program     extern H:\Y3\Labs\Microprocessors\Memory_Game\lfsr.asm
                  produce   0x00035e    program     extern H:\Y3\Labs\Microprocessors\Memory_Game\lfsr.asm
                    shift   0x000374    program     extern H:\Y3\Labs\Microprocessors\Memory_Game\lfsr.asm
                  initial   0x00038a    program     static H:\Y3\Labs\Microprocessors\Memory_Game\StartMessage.asm
                    wrong   0x000398    program     static H:\Y3\Labs\Microprocessors\Memory_Game\StartMessage.asm
                     next   0x0003a8    program     static H:\Y3\Labs\Microprocessors\Memory_Game\StartMessage.asm
                   int_on   0x0003b4    program     extern H:\Y3\Labs\Microprocessors\Memory_Game\interrupt.asm
                  counter   0x000000       data     static H:\Y3\Labs\Microprocessors\Memory_Game\StartMessage.asm
              delay_count   0x000001       data     static H:\Y3\Labs\Microprocessors\Memory_Game\StartMessage.asm
                  message   0x000002       data     static H:\Y3\Labs\Microprocessors\Memory_Game\StartMessage.asm
                   length   0x000012       data     static H:\Y3\Labs\Microprocessors\Memory_Game\StartMessage.asm
                LCD_cnt_l   0x000013       data     static H:\Y3\Labs\Microprocessors\Memory_Game\LCD.asm
                LCD_cnt_h   0x000014       data     static H:\Y3\Labs\Microprocessors\Memory_Game\LCD.asm
               LCD_cnt_ms   0x000015       data     static H:\Y3\Labs\Microprocessors\Memory_Game\LCD.asm
                  LCD_tmp   0x000016       data     static H:\Y3\Labs\Microprocessors\Memory_Game\LCD.asm
              LCD_counter   0x000017       data     static H:\Y3\Labs\Microprocessors\Memory_Game\LCD.asm
                       s0   0x000018       data     static H:\Y3\Labs\Microprocessors\Memory_Game\lfsr.asm
                       s1   0x000019       data     static H:\Y3\Labs\Microprocessors\Memory_Game\lfsr.asm
                       s2   0x00001a       data     static H:\Y3\Labs\Microprocessors\Memory_Game\lfsr.asm
                       s3   0x00001b       data     static H:\Y3\Labs\Microprocessors\Memory_Game\lfsr.asm
                   random   0x00001c       data     static H:\Y3\Labs\Microprocessors\Memory_Game\lfsr.asm
              LFSRCounter   0x00001d       data     extern H:\Y3\Labs\Microprocessors\Memory_Game\lfsr.asm
                       d0   0x00001e       data     static H:\Y3\Labs\Microprocessors\Memory_Game\Flash_Seq.asm
                       d1   0x00001f       data     static H:\Y3\Labs\Microprocessors\Memory_Game\Flash_Seq.asm
                       d2   0x000020       data     static H:\Y3\Labs\Microprocessors\Memory_Game\Flash_Seq.asm
             flashcounter   0x000021       data     extern H:\Y3\Labs\Microprocessors\Memory_Game\Flash_Seq.asm
                   signal   0x000022       data     static H:\Y3\Labs\Microprocessors\Memory_Game\Flash_Seq.asm
                      red   0x000023       data     static H:\Y3\Labs\Microprocessors\Memory_Game\Flash_Seq.asm
                     blue   0x000024       data     static H:\Y3\Labs\Microprocessors\Memory_Game\Flash_Seq.asm
                   violet   0x000025       data     static H:\Y3\Labs\Microprocessors\Memory_Game\Flash_Seq.asm
                   yellow   0x000026       data     static H:\Y3\Labs\Microprocessors\Memory_Game\Flash_Seq.asm
                       d0   0x000027       data     static H:\Y3\Labs\Microprocessors\Memory_Game\Main.asm
                       d1   0x000028       data     static H:\Y3\Labs\Microprocessors\Memory_Game\Main.asm
                       d2   0x000029       data     static H:\Y3\Labs\Microprocessors\Memory_Game\Main.asm
                countdown   0x00002a       data     extern H:\Y3\Labs\Microprocessors\Memory_Game\Main.asm
               no_buttons   0x00002b       data     extern H:\Y3\Labs\Microprocessors\Memory_Game\Main.asm
                 sequence   0x00002c       data     extern H:\Y3\Labs\Microprocessors\Memory_Game\Main.asm
                  pressed   0x00002d       data     extern H:\Y3\Labs\Microprocessors\Memory_Game\keypad.asm
             TextLocation   0x000400       data     static H:\Y3\Labs\Microprocessors\Memory_Game\StartMessage.asm


