MPLINK 5.09, LINKER
Linker Map File - Created Wed Feb 19 15:50:20 2020

                                 Section Info
                  Section       Type    Address   Location Size(Bytes)
                ---------  ---------  ---------  ---------  ---------
                      rst       code   0x000000    program   0x000004
                   .cinit    romdata   0x000004    program   0x000002
                   hi_int       code   0x000008    program   0x00005a
                      LCD       code   0x000062    program   0x0000f2
                    flash       code   0x000154    program   0x000084
                     main       code   0x0001d8    program   0x000060
                   random       code   0x000238    program   0x00005a
                interrupt       code   0x000292    program   0x000014
                    pdata       code   0x0002a6    program   0x00000e
.config_300000_BUILD/DEFAULT/DEBUG/CONFIG.O    romdata   0x300000    program   0x000001
.config_300001_BUILD/DEFAULT/DEBUG/CONFIG.O    romdata   0x300001    program   0x000001
.config_300002_BUILD/DEFAULT/DEBUG/CONFIG.O    romdata   0x300002    program   0x000001
.config_300003_BUILD/DEFAULT/DEBUG/CONFIG.O    romdata   0x300003    program   0x000001
.config_300004_BUILD/DEFAULT/DEBUG/CONFIG.O    romdata   0x300004    program   0x000001
.config_300005_BUILD/DEFAULT/DEBUG/CONFIG.O    romdata   0x300005    program   0x000001
.config_300006_BUILD/DEFAULT/DEBUG/CONFIG.O    romdata   0x300006    program   0x000001
.config_300008_BUILD/DEFAULT/DEBUG/CONFIG.O    romdata   0x300008    program   0x000001
.config_300009_BUILD/DEFAULT/DEBUG/CONFIG.O    romdata   0x300009    program   0x000001
.config_30000A_BUILD/DEFAULT/DEBUG/CONFIG.O    romdata   0x30000a    program   0x000001
.config_30000B_BUILD/DEFAULT/DEBUG/CONFIG.O    romdata   0x30000b    program   0x000001
.config_30000C_BUILD/DEFAULT/DEBUG/CONFIG.O    romdata   0x30000c    program   0x000001
.config_30000D_BUILD/DEFAULT/DEBUG/CONFIG.O    romdata   0x30000d    program   0x000001
                     acs0      udata   0x000000       data   0x00001a
                   tables      udata   0x000400       data   0x000080



                              Program Memory Usage 
                               Start         End      
                           ---------   ---------      
                            0x000000    0x000005      
                            0x000008    0x0002b3      
                            0x300000    0x300006      
                            0x300008    0x30000d      
            703 out of 132120 program addresses used, program memory utilization is 0%



                              Symbols - Sorted by Name
                     Name    Address   Location    Storage File                     
                ---------  ---------  ---------  --------- ---------                
                 Greeting   0x0002a6    program     extern H:\Y3\Labs\Microprocessors\Memory_Game\Main.asm
               LCD_Enable   0x000104    program     static H:\Y3\Labs\Microprocessors\Memory_Game\LCD.asm
         LCD_Loop_message   0x0000ba    program     static H:\Y3\Labs\Microprocessors\Memory_Game\LCD.asm
          LCD_Send_Byte_D   0x0000e2    program     static H:\Y3\Labs\Microprocessors\Memory_Game\LCD.asm
          LCD_Send_Byte_I   0x0000c6    program     static H:\Y3\Labs\Microprocessors\Memory_Game\LCD.asm
                LCD_Setup   0x000062    program     extern H:\Y3\Labs\Microprocessors\Memory_Game\LCD.asm
        LCD_Write_Message   0x0000b8    program     extern H:\Y3\Labs\Microprocessors\Memory_Game\LCD.asm
                LCD_delay   0x00014a    program     static H:\Y3\Labs\Microprocessors\Memory_Game\LCD.asm
             LCD_delay_ms   0x000128    program     static H:\Y3\Labs\Microprocessors\Memory_Game\LCD.asm
           LCD_delay_x4us   0x000136    program     static H:\Y3\Labs\Microprocessors\Memory_Game\LCD.asm
             _hi_int_005A   0x00005a    program     static H:\Y3\Labs\Microprocessors\Memory_Game\interrupt.asm
             _hi_int_005E   0x00005e    program     static H:\Y3\Labs\Microprocessors\Memory_Game\interrupt.asm
                  allLEDS   0x0001a8    program     static H:\Y3\Labs\Microprocessors\Memory_Game\Flash_Seq.asm
                     blue   0x000030    program     static H:\Y3\Labs\Microprocessors\Memory_Game\interrupt.asm
                  compare   0x000184    program     static H:\Y3\Labs\Microprocessors\Memory_Game\Flash_Seq.asm
                  compare   0x00004e    program     static H:\Y3\Labs\Microprocessors\Memory_Game\interrupt.asm
                    delay   0x0001be    program     static H:\Y3\Labs\Microprocessors\Memory_Game\Flash_Seq.asm
                    delay   0x000210    program     static H:\Y3\Labs\Microprocessors\Memory_Game\StartMessage.asm
                   delay1   0x0001c8    program     static H:\Y3\Labs\Microprocessors\Memory_Game\Flash_Seq.asm
                   delay2   0x0001d2    program     static H:\Y3\Labs\Microprocessors\Memory_Game\Flash_Seq.asm
               delayreset   0x0001b4    program     static H:\Y3\Labs\Microprocessors\Memory_Game\Flash_Seq.asm
                errormess   0x00005a    program     static H:\Y3\Labs\Microprocessors\Memory_Game\interrupt.asm
                   int_on   0x000292    program     extern H:\Y3\Labs\Microprocessors\Memory_Game\interrupt.asm
                   lcdlp1   0x00014c    program     static H:\Y3\Labs\Microprocessors\Memory_Game\LCD.asm
                   lcdlp2   0x00012a    program     static H:\Y3\Labs\Microprocessors\Memory_Game\LCD.asm
                    level   0x00022a    program     static H:\Y3\Labs\Microprocessors\Memory_Game\Main.asm
                     load   0x000250    program     extern H:\Y3\Labs\Microprocessors\Memory_Game\lfsr.asm
                     loop   0x0001f6    program     static H:\Y3\Labs\Microprocessors\Memory_Game\StartMessage.asm
                  produce   0x000266    program     extern H:\Y3\Labs\Microprocessors\Memory_Game\lfsr.asm
                     read   0x000168    program     extern H:\Y3\Labs\Microprocessors\Memory_Game\Flash_Seq.asm
                      red   0x000026    program     static H:\Y3\Labs\Microprocessors\Memory_Game\interrupt.asm
                   setFSR   0x00024a    program     extern H:\Y3\Labs\Microprocessors\Memory_Game\lfsr.asm
                 setflash   0x000154    program     extern H:\Y3\Labs\Microprocessors\Memory_Game\Flash_Seq.asm
                  setlfsr   0x000238    program     extern H:\Y3\Labs\Microprocessors\Memory_Game\lfsr.asm
                    setup   0x0001d8    program     extern H:\Y3\Labs\Microprocessors\Memory_Game\StartMessage.asm
                    shift   0x00027c    program     extern H:\Y3\Labs\Microprocessors\Memory_Game\lfsr.asm
                    start   0x000216    program     static H:\Y3\Labs\Microprocessors\Memory_Game\Main.asm
                  success   0x00005e    program     static H:\Y3\Labs\Microprocessors\Memory_Game\interrupt.asm
                   violet   0x00003a    program     static H:\Y3\Labs\Microprocessors\Memory_Game\interrupt.asm
             writemessage   0x0001e2    program     extern H:\Y3\Labs\Microprocessors\Memory_Game\StartMessage.asm
                   yellow   0x000044    program     static H:\Y3\Labs\Microprocessors\Memory_Game\interrupt.asm
                LCD_cnt_h   0x000003       data     static H:\Y3\Labs\Microprocessors\Memory_Game\LCD.asm
                LCD_cnt_l   0x000002       data     static H:\Y3\Labs\Microprocessors\Memory_Game\LCD.asm
               LCD_cnt_ms   0x000004       data     static H:\Y3\Labs\Microprocessors\Memory_Game\LCD.asm
              LCD_counter   0x000006       data     static H:\Y3\Labs\Microprocessors\Memory_Game\LCD.asm
                  LCD_tmp   0x000005       data     static H:\Y3\Labs\Microprocessors\Memory_Game\LCD.asm
              LFSRCounter   0x00000c       data     static H:\Y3\Labs\Microprocessors\Memory_Game\lfsr.asm
                   Length   0x000019       data     extern H:\Y3\Labs\Microprocessors\Memory_Game\Main.asm
             TextLocation   0x000400       data     extern H:\Y3\Labs\Microprocessors\Memory_Game\Main.asm
                     blue   0x000013       data     static H:\Y3\Labs\Microprocessors\Memory_Game\Flash_Seq.asm
                  counter   0x000000       data     static H:\Y3\Labs\Microprocessors\Memory_Game\StartMessage.asm
                       d0   0x00000d       data     static H:\Y3\Labs\Microprocessors\Memory_Game\Flash_Seq.asm
                       d0   0x000016       data     static H:\Y3\Labs\Microprocessors\Memory_Game\Main.asm
                       d1   0x00000e       data     static H:\Y3\Labs\Microprocessors\Memory_Game\Flash_Seq.asm
                       d1   0x000017       data     static H:\Y3\Labs\Microprocessors\Memory_Game\Main.asm
                       d2   0x000018       data     static H:\Y3\Labs\Microprocessors\Memory_Game\Main.asm
                       d2   0x00000f       data     static H:\Y3\Labs\Microprocessors\Memory_Game\Flash_Seq.asm
              delay_count   0x000001       data     static H:\Y3\Labs\Microprocessors\Memory_Game\StartMessage.asm
             flashcounter   0x000010       data     extern H:\Y3\Labs\Microprocessors\Memory_Game\Flash_Seq.asm
                   random   0x00000b       data     static H:\Y3\Labs\Microprocessors\Memory_Game\lfsr.asm
                      red   0x000012       data     static H:\Y3\Labs\Microprocessors\Memory_Game\Flash_Seq.asm
                       s0   0x000007       data     static H:\Y3\Labs\Microprocessors\Memory_Game\lfsr.asm
                       s1   0x000008       data     static H:\Y3\Labs\Microprocessors\Memory_Game\lfsr.asm
                       s2   0x000009       data     static H:\Y3\Labs\Microprocessors\Memory_Game\lfsr.asm
                       s3   0x00000a       data     static H:\Y3\Labs\Microprocessors\Memory_Game\lfsr.asm
                   signal   0x000011       data     static H:\Y3\Labs\Microprocessors\Memory_Game\Flash_Seq.asm
                   violet   0x000014       data     static H:\Y3\Labs\Microprocessors\Memory_Game\Flash_Seq.asm
                   yellow   0x000015       data     static H:\Y3\Labs\Microprocessors\Memory_Game\Flash_Seq.asm



                              Symbols - Sorted by Address
                     Name    Address   Location    Storage File                     
                ---------  ---------  ---------  --------- ---------                
                      red   0x000026    program     static H:\Y3\Labs\Microprocessors\Memory_Game\interrupt.asm
                     blue   0x000030    program     static H:\Y3\Labs\Microprocessors\Memory_Game\interrupt.asm
                   violet   0x00003a    program     static H:\Y3\Labs\Microprocessors\Memory_Game\interrupt.asm
                   yellow   0x000044    program     static H:\Y3\Labs\Microprocessors\Memory_Game\interrupt.asm
                  compare   0x00004e    program     static H:\Y3\Labs\Microprocessors\Memory_Game\interrupt.asm
                errormess   0x00005a    program     static H:\Y3\Labs\Microprocessors\Memory_Game\interrupt.asm
             _hi_int_005A   0x00005a    program     static H:\Y3\Labs\Microprocessors\Memory_Game\interrupt.asm
                  success   0x00005e    program     static H:\Y3\Labs\Microprocessors\Memory_Game\interrupt.asm
             _hi_int_005E   0x00005e    program     static H:\Y3\Labs\Microprocessors\Memory_Game\interrupt.asm
                LCD_Setup   0x000062    program     extern H:\Y3\Labs\Microprocessors\Memory_Game\LCD.asm
        LCD_Write_Message   0x0000b8    program     extern H:\Y3\Labs\Microprocessors\Memory_Game\LCD.asm
         LCD_Loop_message   0x0000ba    program     static H:\Y3\Labs\Microprocessors\Memory_Game\LCD.asm
          LCD_Send_Byte_I   0x0000c6    program     static H:\Y3\Labs\Microprocessors\Memory_Game\LCD.asm
          LCD_Send_Byte_D   0x0000e2    program     static H:\Y3\Labs\Microprocessors\Memory_Game\LCD.asm
               LCD_Enable   0x000104    program     static H:\Y3\Labs\Microprocessors\Memory_Game\LCD.asm
             LCD_delay_ms   0x000128    program     static H:\Y3\Labs\Microprocessors\Memory_Game\LCD.asm
                   lcdlp2   0x00012a    program     static H:\Y3\Labs\Microprocessors\Memory_Game\LCD.asm
           LCD_delay_x4us   0x000136    program     static H:\Y3\Labs\Microprocessors\Memory_Game\LCD.asm
                LCD_delay   0x00014a    program     static H:\Y3\Labs\Microprocessors\Memory_Game\LCD.asm
                   lcdlp1   0x00014c    program     static H:\Y3\Labs\Microprocessors\Memory_Game\LCD.asm
                 setflash   0x000154    program     extern H:\Y3\Labs\Microprocessors\Memory_Game\Flash_Seq.asm
                     read   0x000168    program     extern H:\Y3\Labs\Microprocessors\Memory_Game\Flash_Seq.asm
                  compare   0x000184    program     static H:\Y3\Labs\Microprocessors\Memory_Game\Flash_Seq.asm
                  allLEDS   0x0001a8    program     static H:\Y3\Labs\Microprocessors\Memory_Game\Flash_Seq.asm
               delayreset   0x0001b4    program     static H:\Y3\Labs\Microprocessors\Memory_Game\Flash_Seq.asm
                    delay   0x0001be    program     static H:\Y3\Labs\Microprocessors\Memory_Game\Flash_Seq.asm
                   delay1   0x0001c8    program     static H:\Y3\Labs\Microprocessors\Memory_Game\Flash_Seq.asm
                   delay2   0x0001d2    program     static H:\Y3\Labs\Microprocessors\Memory_Game\Flash_Seq.asm
                    setup   0x0001d8    program     extern H:\Y3\Labs\Microprocessors\Memory_Game\StartMessage.asm
             writemessage   0x0001e2    program     extern H:\Y3\Labs\Microprocessors\Memory_Game\StartMessage.asm
                     loop   0x0001f6    program     static H:\Y3\Labs\Microprocessors\Memory_Game\StartMessage.asm
                    delay   0x000210    program     static H:\Y3\Labs\Microprocessors\Memory_Game\StartMessage.asm
                    start   0x000216    program     static H:\Y3\Labs\Microprocessors\Memory_Game\Main.asm
                    level   0x00022a    program     static H:\Y3\Labs\Microprocessors\Memory_Game\Main.asm
                  setlfsr   0x000238    program     extern H:\Y3\Labs\Microprocessors\Memory_Game\lfsr.asm
                   setFSR   0x00024a    program     extern H:\Y3\Labs\Microprocessors\Memory_Game\lfsr.asm
                     load   0x000250    program     extern H:\Y3\Labs\Microprocessors\Memory_Game\lfsr.asm
                  produce   0x000266    program     extern H:\Y3\Labs\Microprocessors\Memory_Game\lfsr.asm
                    shift   0x00027c    program     extern H:\Y3\Labs\Microprocessors\Memory_Game\lfsr.asm
                   int_on   0x000292    program     extern H:\Y3\Labs\Microprocessors\Memory_Game\interrupt.asm
                 Greeting   0x0002a6    program     extern H:\Y3\Labs\Microprocessors\Memory_Game\Main.asm
                  counter   0x000000       data     static H:\Y3\Labs\Microprocessors\Memory_Game\StartMessage.asm
              delay_count   0x000001       data     static H:\Y3\Labs\Microprocessors\Memory_Game\StartMessage.asm
                LCD_cnt_l   0x000002       data     static H:\Y3\Labs\Microprocessors\Memory_Game\LCD.asm
                LCD_cnt_h   0x000003       data     static H:\Y3\Labs\Microprocessors\Memory_Game\LCD.asm
               LCD_cnt_ms   0x000004       data     static H:\Y3\Labs\Microprocessors\Memory_Game\LCD.asm
                  LCD_tmp   0x000005       data     static H:\Y3\Labs\Microprocessors\Memory_Game\LCD.asm
              LCD_counter   0x000006       data     static H:\Y3\Labs\Microprocessors\Memory_Game\LCD.asm
                       s0   0x000007       data     static H:\Y3\Labs\Microprocessors\Memory_Game\lfsr.asm
                       s1   0x000008       data     static H:\Y3\Labs\Microprocessors\Memory_Game\lfsr.asm
                       s2   0x000009       data     static H:\Y3\Labs\Microprocessors\Memory_Game\lfsr.asm
                       s3   0x00000a       data     static H:\Y3\Labs\Microprocessors\Memory_Game\lfsr.asm
                   random   0x00000b       data     static H:\Y3\Labs\Microprocessors\Memory_Game\lfsr.asm
              LFSRCounter   0x00000c       data     static H:\Y3\Labs\Microprocessors\Memory_Game\lfsr.asm
                       d0   0x00000d       data     static H:\Y3\Labs\Microprocessors\Memory_Game\Flash_Seq.asm
                       d1   0x00000e       data     static H:\Y3\Labs\Microprocessors\Memory_Game\Flash_Seq.asm
                       d2   0x00000f       data     static H:\Y3\Labs\Microprocessors\Memory_Game\Flash_Seq.asm
             flashcounter   0x000010       data     extern H:\Y3\Labs\Microprocessors\Memory_Game\Flash_Seq.asm
                   signal   0x000011       data     static H:\Y3\Labs\Microprocessors\Memory_Game\Flash_Seq.asm
                      red   0x000012       data     static H:\Y3\Labs\Microprocessors\Memory_Game\Flash_Seq.asm
                     blue   0x000013       data     static H:\Y3\Labs\Microprocessors\Memory_Game\Flash_Seq.asm
                   violet   0x000014       data     static H:\Y3\Labs\Microprocessors\Memory_Game\Flash_Seq.asm
                   yellow   0x000015       data     static H:\Y3\Labs\Microprocessors\Memory_Game\Flash_Seq.asm
                       d0   0x000016       data     static H:\Y3\Labs\Microprocessors\Memory_Game\Main.asm
                       d1   0x000017       data     static H:\Y3\Labs\Microprocessors\Memory_Game\Main.asm
                       d2   0x000018       data     static H:\Y3\Labs\Microprocessors\Memory_Game\Main.asm
                   Length   0x000019       data     extern H:\Y3\Labs\Microprocessors\Memory_Game\Main.asm
             TextLocation   0x000400       data     extern H:\Y3\Labs\Microprocessors\Memory_Game\Main.asm


