MPLINK 5.09, LINKER
Linker Map File - Created Mon Feb 24 11:45:43 2020

                                 Section Info
                  Section       Type    Address   Location Size(Bytes)
                ---------  ---------  ---------  ---------  ---------
                      rst       code   0x000000    program   0x000004
                   .cinit    romdata   0x000004    program   0x000002
                   hi_int       code   0x000008    program   0x00000a
                     main       code   0x000012    program   0x00014e
                      LCD       code   0x000160    program   0x000100
                   keypad       code   0x000260    program   0x0000c0
                    flash       code   0x000320    program   0x0000b2
                   random       code   0x0003d2    program   0x000054
                    pdata       code   0x000426    program   0x000048
                interrupt       code   0x00046e    program   0x00000a
.config_300000_BUILD/DEFAULT/PRODUCTION/CONFIG.    romdata   0x300000    program   0x000001
.config_300001_BUILD/DEFAULT/PRODUCTION/CONFIG.    romdata   0x300001    program   0x000001
.config_300002_BUILD/DEFAULT/PRODUCTION/CONFIG.    romdata   0x300002    program   0x000001
.config_300003_BUILD/DEFAULT/PRODUCTION/CONFIG.    romdata   0x300003    program   0x000001
.config_300004_BUILD/DEFAULT/PRODUCTION/CONFIG.    romdata   0x300004    program   0x000001
.config_300005_BUILD/DEFAULT/PRODUCTION/CONFIG.    romdata   0x300005    program   0x000001
.config_300006_BUILD/DEFAULT/PRODUCTION/CONFIG.    romdata   0x300006    program   0x000001
.config_300008_BUILD/DEFAULT/PRODUCTION/CONFIG.    romdata   0x300008    program   0x000001
.config_300009_BUILD/DEFAULT/PRODUCTION/CONFIG.    romdata   0x300009    program   0x000001
.config_30000A_BUILD/DEFAULT/PRODUCTION/CONFIG.    romdata   0x30000a    program   0x000001
.config_30000B_BUILD/DEFAULT/PRODUCTION/CONFIG.    romdata   0x30000b    program   0x000001
.config_30000C_BUILD/DEFAULT/PRODUCTION/CONFIG.    romdata   0x30000c    program   0x000001
.config_30000D_BUILD/DEFAULT/PRODUCTION/CONFIG.    romdata   0x30000d    program   0x000001
                     acs0      udata   0x000000       data   0x00002c
                   tables      udata   0x000400       data   0x000080



                              Program Memory Usage 
                               Start         End      
                           ---------   ---------      
                            0x000000    0x000005      
                            0x000008    0x000477      
                            0x300000    0x300006      
                            0x300008    0x30000d      
            1155 out of 132120 program addresses used, program memory utilization is 0%



                              Symbols - Sorted by Name
                     Name    Address   Location    Storage File                     
                ---------  ---------  ---------  --------- ---------                
        LCD_Clear_Display   0x0001b6    program     extern H:\Year3\Microprocessors\Memory_Game.X\LCD.asm
               LCD_Enable   0x000210    program     static H:\Year3\Microprocessors\Memory_Game.X\LCD.asm
         LCD_Loop_message   0x0001c6    program     static H:\Year3\Microprocessors\Memory_Game.X\LCD.asm
          LCD_Send_Byte_D   0x0001ee    program     static H:\Year3\Microprocessors\Memory_Game.X\LCD.asm
          LCD_Send_Byte_I   0x0001d2    program     static H:\Year3\Microprocessors\Memory_Game.X\LCD.asm
                LCD_Setup   0x000160    program     extern H:\Year3\Microprocessors\Memory_Game.X\LCD.asm
        LCD_Write_Message   0x0001c4    program     extern H:\Year3\Microprocessors\Memory_Game.X\LCD.asm
                LCD_delay   0x000256    program     static H:\Year3\Microprocessors\Memory_Game.X\LCD.asm
             LCD_delay_ms   0x000234    program     static H:\Year3\Microprocessors\Memory_Game.X\LCD.asm
           LCD_delay_x4us   0x000242    program     static H:\Year3\Microprocessors\Memory_Game.X\LCD.asm
               _main_0074   0x000140    program     static H:\Year3\Microprocessors\Memory_Game.X\Main.asm
                  allLEDS   0x000380    program     extern H:\Year3\Microprocessors\Memory_Game.X\Flash_Seq.asm
                 bigdelay   0x00039c    program     extern H:\Year3\Microprocessors\Memory_Game.X\Flash_Seq.asm
                     blue   0x0002c2    program     static H:\Year3\Microprocessors\Memory_Game.X\keypad.asm
                    check   0x000316    program     static H:\Year3\Microprocessors\Memory_Game.X\keypad.asm
                  compare   0x00035c    program     static H:\Year3\Microprocessors\Memory_Game.X\Flash_Seq.asm
                    delay   0x0003b8    program     static H:\Year3\Microprocessors\Memory_Game.X\Flash_Seq.asm
                   delay1   0x0003c2    program     static H:\Year3\Microprocessors\Memory_Game.X\Flash_Seq.asm
                   delay2   0x0003cc    program     static H:\Year3\Microprocessors\Memory_Game.X\Flash_Seq.asm
                errormess   0x000144    program     extern H:\Year3\Microprocessors\Memory_Game.X\Main.asm
                  failure   0x00003a    program     extern H:\Year3\Microprocessors\Memory_Game.X\StartMessage.asm
                 greeting   0x00001c    program     extern H:\Year3\Microprocessors\Memory_Game.X\StartMessage.asm
                  initial   0x000426    program     static H:\Year3\Microprocessors\Memory_Game.X\StartMessage.asm
                   int_on   0x00046e    program     extern H:\Year3\Microprocessors\Memory_Game.X\interrupt.asm
               keypadloop   0x000270    program     extern H:\Year3\Microprocessors\Memory_Game.X\keypad.asm
              keypadsetup   0x000260    program     extern H:\Year3\Microprocessors\Memory_Game.X\keypad.asm
                     late   0x000450    program     static H:\Year3\Microprocessors\Memory_Game.X\StartMessage.asm
                   lcdlp1   0x000258    program     static H:\Year3\Microprocessors\Memory_Game.X\LCD.asm
                   lcdlp2   0x000236    program     static H:\Year3\Microprocessors\Memory_Game.X\LCD.asm
                    leave   0x00013c    program     extern H:\Year3\Microprocessors\Memory_Game.X\Main.asm
                    level   0x0000f2    program     static H:\Year3\Microprocessors\Memory_Game.X\Main.asm
             levelmessage   0x000058    program     extern H:\Year3\Microprocessors\Memory_Game.X\StartMessage.asm
                 lildelay   0x0003aa    program     extern H:\Year3\Microprocessors\Memory_Game.X\Flash_Seq.asm
                     load   0x0003e4    program     extern H:\Year3\Microprocessors\Memory_Game.X\lfsr.asm
                     loop   0x0000b2    program     static H:\Year3\Microprocessors\Memory_Game.X\StartMessage.asm
                 meddelay   0x00038e    program     extern H:\Year3\Microprocessors\Memory_Game.X\Flash_Seq.asm
                     next   0x000444    program     static H:\Year3\Microprocessors\Memory_Game.X\StartMessage.asm
                nextlevel   0x000106    program     extern H:\Year3\Microprocessors\Memory_Game.X\Main.asm
                playagain   0x000094    program     extern H:\Year3\Microprocessors\Memory_Game.X\StartMessage.asm
                  produce   0x0003fe    program     static H:\Year3\Microprocessors\Memory_Game.X\lfsr.asm
                     read   0x000336    program     extern H:\Year3\Microprocessors\Memory_Game.X\Flash_Seq.asm
                readinput   0x000284    program     extern H:\Year3\Microprocessors\Memory_Game.X\keypad.asm
                      red   0x0002a6    program     static H:\Year3\Microprocessors\Memory_Game.X\keypad.asm
                  restart   0x00045c    program     static H:\Year3\Microprocessors\Memory_Game.X\StartMessage.asm
                 setflash   0x000320    program     extern H:\Year3\Microprocessors\Memory_Game.X\Flash_Seq.asm
                  setlfsr   0x0003d2    program     extern H:\Year3\Microprocessors\Memory_Game.X\lfsr.asm
                    setup   0x000012    program     extern H:\Year3\Microprocessors\Memory_Game.X\StartMessage.asm
                    shift   0x00040e    program     static H:\Year3\Microprocessors\Memory_Game.X\lfsr.asm
                    start   0x0000cc    program     static H:\Year3\Microprocessors\Memory_Game.X\Main.asm
                  toolate   0x000076    program     extern H:\Year3\Microprocessors\Memory_Game.X\StartMessage.asm
                   violet   0x0002de    program     static H:\Year3\Microprocessors\Memory_Game.X\keypad.asm
                    wrong   0x000434    program     static H:\Year3\Microprocessors\Memory_Game.X\StartMessage.asm
                   yellow   0x0002fa    program     static H:\Year3\Microprocessors\Memory_Game.X\keypad.asm
                LCD_cnt_h   0x000014       data     static H:\Year3\Microprocessors\Memory_Game.X\LCD.asm
                LCD_cnt_l   0x000013       data     static H:\Year3\Microprocessors\Memory_Game.X\LCD.asm
               LCD_cnt_ms   0x000015       data     static H:\Year3\Microprocessors\Memory_Game.X\LCD.asm
              LCD_counter   0x000017       data     static H:\Year3\Microprocessors\Memory_Game.X\LCD.asm
                  LCD_tmp   0x000016       data     static H:\Year3\Microprocessors\Memory_Game.X\LCD.asm
              LFSRCounter   0x00001b       data     extern H:\Year3\Microprocessors\Memory_Game.X\lfsr.asm
             TextLocation   0x000400       data     static H:\Year3\Microprocessors\Memory_Game.X\StartMessage.asm
                     blue   0x000023       data     static H:\Year3\Microprocessors\Memory_Game.X\Flash_Seq.asm
                countdown   0x000029       data     extern H:\Year3\Microprocessors\Memory_Game.X\Main.asm
                  counter   0x000000       data     static H:\Year3\Microprocessors\Memory_Game.X\StartMessage.asm
                       d0   0x000026       data     static H:\Year3\Microprocessors\Memory_Game.X\Main.asm
                       d0   0x00001d       data     static H:\Year3\Microprocessors\Memory_Game.X\Flash_Seq.asm
                       d1   0x000027       data     static H:\Year3\Microprocessors\Memory_Game.X\Main.asm
                       d1   0x00001e       data     static H:\Year3\Microprocessors\Memory_Game.X\Flash_Seq.asm
                       d2   0x000028       data     static H:\Year3\Microprocessors\Memory_Game.X\Main.asm
                       d2   0x00001f       data     static H:\Year3\Microprocessors\Memory_Game.X\Flash_Seq.asm
              delay_count   0x000001       data     static H:\Year3\Microprocessors\Memory_Game.X\StartMessage.asm
             flashcounter   0x000020       data     extern H:\Year3\Microprocessors\Memory_Game.X\Flash_Seq.asm
                   length   0x000012       data     static H:\Year3\Microprocessors\Memory_Game.X\StartMessage.asm
                  message   0x000002       data     static H:\Year3\Microprocessors\Memory_Game.X\StartMessage.asm
               no_buttons   0x00002a       data     extern H:\Year3\Microprocessors\Memory_Game.X\Main.asm
                   random   0x00001a       data     static H:\Year3\Microprocessors\Memory_Game.X\lfsr.asm
                      red   0x000022       data     static H:\Year3\Microprocessors\Memory_Game.X\Flash_Seq.asm
                     seed   0x00001c       data     static H:\Year3\Microprocessors\Memory_Game.X\lfsr.asm
                 sequence   0x00002b       data     extern H:\Year3\Microprocessors\Memory_Game.X\Main.asm
            shiftregister   0x000018       data     extern H:\Year3\Microprocessors\Memory_Game.X\lfsr.asm
                   signal   0x000021       data     static H:\Year3\Microprocessors\Memory_Game.X\Flash_Seq.asm
                     temp   0x000019       data     static H:\Year3\Microprocessors\Memory_Game.X\lfsr.asm
                   violet   0x000024       data     static H:\Year3\Microprocessors\Memory_Game.X\Flash_Seq.asm
                   yellow   0x000025       data     static H:\Year3\Microprocessors\Memory_Game.X\Flash_Seq.asm



                              Symbols - Sorted by Address
                     Name    Address   Location    Storage File                     
                ---------  ---------  ---------  --------- ---------                
                    setup   0x000012    program     extern H:\Year3\Microprocessors\Memory_Game.X\StartMessage.asm
                 greeting   0x00001c    program     extern H:\Year3\Microprocessors\Memory_Game.X\StartMessage.asm
                  failure   0x00003a    program     extern H:\Year3\Microprocessors\Memory_Game.X\StartMessage.asm
             levelmessage   0x000058    program     extern H:\Year3\Microprocessors\Memory_Game.X\StartMessage.asm
                  toolate   0x000076    program     extern H:\Year3\Microprocessors\Memory_Game.X\StartMessage.asm
                playagain   0x000094    program     extern H:\Year3\Microprocessors\Memory_Game.X\StartMessage.asm
                     loop   0x0000b2    program     static H:\Year3\Microprocessors\Memory_Game.X\StartMessage.asm
                    start   0x0000cc    program     static H:\Year3\Microprocessors\Memory_Game.X\Main.asm
                    level   0x0000f2    program     static H:\Year3\Microprocessors\Memory_Game.X\Main.asm
                nextlevel   0x000106    program     extern H:\Year3\Microprocessors\Memory_Game.X\Main.asm
                    leave   0x00013c    program     extern H:\Year3\Microprocessors\Memory_Game.X\Main.asm
               _main_0074   0x000140    program     static H:\Year3\Microprocessors\Memory_Game.X\Main.asm
                errormess   0x000144    program     extern H:\Year3\Microprocessors\Memory_Game.X\Main.asm
                LCD_Setup   0x000160    program     extern H:\Year3\Microprocessors\Memory_Game.X\LCD.asm
        LCD_Clear_Display   0x0001b6    program     extern H:\Year3\Microprocessors\Memory_Game.X\LCD.asm
        LCD_Write_Message   0x0001c4    program     extern H:\Year3\Microprocessors\Memory_Game.X\LCD.asm
         LCD_Loop_message   0x0001c6    program     static H:\Year3\Microprocessors\Memory_Game.X\LCD.asm
          LCD_Send_Byte_I   0x0001d2    program     static H:\Year3\Microprocessors\Memory_Game.X\LCD.asm
          LCD_Send_Byte_D   0x0001ee    program     static H:\Year3\Microprocessors\Memory_Game.X\LCD.asm
               LCD_Enable   0x000210    program     static H:\Year3\Microprocessors\Memory_Game.X\LCD.asm
             LCD_delay_ms   0x000234    program     static H:\Year3\Microprocessors\Memory_Game.X\LCD.asm
                   lcdlp2   0x000236    program     static H:\Year3\Microprocessors\Memory_Game.X\LCD.asm
           LCD_delay_x4us   0x000242    program     static H:\Year3\Microprocessors\Memory_Game.X\LCD.asm
                LCD_delay   0x000256    program     static H:\Year3\Microprocessors\Memory_Game.X\LCD.asm
                   lcdlp1   0x000258    program     static H:\Year3\Microprocessors\Memory_Game.X\LCD.asm
              keypadsetup   0x000260    program     extern H:\Year3\Microprocessors\Memory_Game.X\keypad.asm
               keypadloop   0x000270    program     extern H:\Year3\Microprocessors\Memory_Game.X\keypad.asm
                readinput   0x000284    program     extern H:\Year3\Microprocessors\Memory_Game.X\keypad.asm
                      red   0x0002a6    program     static H:\Year3\Microprocessors\Memory_Game.X\keypad.asm
                     blue   0x0002c2    program     static H:\Year3\Microprocessors\Memory_Game.X\keypad.asm
                   violet   0x0002de    program     static H:\Year3\Microprocessors\Memory_Game.X\keypad.asm
                   yellow   0x0002fa    program     static H:\Year3\Microprocessors\Memory_Game.X\keypad.asm
                    check   0x000316    program     static H:\Year3\Microprocessors\Memory_Game.X\keypad.asm
                 setflash   0x000320    program     extern H:\Year3\Microprocessors\Memory_Game.X\Flash_Seq.asm
                     read   0x000336    program     extern H:\Year3\Microprocessors\Memory_Game.X\Flash_Seq.asm
                  compare   0x00035c    program     static H:\Year3\Microprocessors\Memory_Game.X\Flash_Seq.asm
                  allLEDS   0x000380    program     extern H:\Year3\Microprocessors\Memory_Game.X\Flash_Seq.asm
                 meddelay   0x00038e    program     extern H:\Year3\Microprocessors\Memory_Game.X\Flash_Seq.asm
                 bigdelay   0x00039c    program     extern H:\Year3\Microprocessors\Memory_Game.X\Flash_Seq.asm
                 lildelay   0x0003aa    program     extern H:\Year3\Microprocessors\Memory_Game.X\Flash_Seq.asm
                    delay   0x0003b8    program     static H:\Year3\Microprocessors\Memory_Game.X\Flash_Seq.asm
                   delay1   0x0003c2    program     static H:\Year3\Microprocessors\Memory_Game.X\Flash_Seq.asm
                   delay2   0x0003cc    program     static H:\Year3\Microprocessors\Memory_Game.X\Flash_Seq.asm
                  setlfsr   0x0003d2    program     extern H:\Year3\Microprocessors\Memory_Game.X\lfsr.asm
                     load   0x0003e4    program     extern H:\Year3\Microprocessors\Memory_Game.X\lfsr.asm
                  produce   0x0003fe    program     static H:\Year3\Microprocessors\Memory_Game.X\lfsr.asm
                    shift   0x00040e    program     static H:\Year3\Microprocessors\Memory_Game.X\lfsr.asm
                  initial   0x000426    program     static H:\Year3\Microprocessors\Memory_Game.X\StartMessage.asm
                    wrong   0x000434    program     static H:\Year3\Microprocessors\Memory_Game.X\StartMessage.asm
                     next   0x000444    program     static H:\Year3\Microprocessors\Memory_Game.X\StartMessage.asm
                     late   0x000450    program     static H:\Year3\Microprocessors\Memory_Game.X\StartMessage.asm
                  restart   0x00045c    program     static H:\Year3\Microprocessors\Memory_Game.X\StartMessage.asm
                   int_on   0x00046e    program     extern H:\Year3\Microprocessors\Memory_Game.X\interrupt.asm
                  counter   0x000000       data     static H:\Year3\Microprocessors\Memory_Game.X\StartMessage.asm
              delay_count   0x000001       data     static H:\Year3\Microprocessors\Memory_Game.X\StartMessage.asm
                  message   0x000002       data     static H:\Year3\Microprocessors\Memory_Game.X\StartMessage.asm
                   length   0x000012       data     static H:\Year3\Microprocessors\Memory_Game.X\StartMessage.asm
                LCD_cnt_l   0x000013       data     static H:\Year3\Microprocessors\Memory_Game.X\LCD.asm
                LCD_cnt_h   0x000014       data     static H:\Year3\Microprocessors\Memory_Game.X\LCD.asm
               LCD_cnt_ms   0x000015       data     static H:\Year3\Microprocessors\Memory_Game.X\LCD.asm
                  LCD_tmp   0x000016       data     static H:\Year3\Microprocessors\Memory_Game.X\LCD.asm
              LCD_counter   0x000017       data     static H:\Year3\Microprocessors\Memory_Game.X\LCD.asm
            shiftregister   0x000018       data     extern H:\Year3\Microprocessors\Memory_Game.X\lfsr.asm
                     temp   0x000019       data     static H:\Year3\Microprocessors\Memory_Game.X\lfsr.asm
                   random   0x00001a       data     static H:\Year3\Microprocessors\Memory_Game.X\lfsr.asm
              LFSRCounter   0x00001b       data     extern H:\Year3\Microprocessors\Memory_Game.X\lfsr.asm
                     seed   0x00001c       data     static H:\Year3\Microprocessors\Memory_Game.X\lfsr.asm
                       d0   0x00001d       data     static H:\Year3\Microprocessors\Memory_Game.X\Flash_Seq.asm
                       d1   0x00001e       data     static H:\Year3\Microprocessors\Memory_Game.X\Flash_Seq.asm
                       d2   0x00001f       data     static H:\Year3\Microprocessors\Memory_Game.X\Flash_Seq.asm
             flashcounter   0x000020       data     extern H:\Year3\Microprocessors\Memory_Game.X\Flash_Seq.asm
                   signal   0x000021       data     static H:\Year3\Microprocessors\Memory_Game.X\Flash_Seq.asm
                      red   0x000022       data     static H:\Year3\Microprocessors\Memory_Game.X\Flash_Seq.asm
                     blue   0x000023       data     static H:\Year3\Microprocessors\Memory_Game.X\Flash_Seq.asm
                   violet   0x000024       data     static H:\Year3\Microprocessors\Memory_Game.X\Flash_Seq.asm
                   yellow   0x000025       data     static H:\Year3\Microprocessors\Memory_Game.X\Flash_Seq.asm
                       d0   0x000026       data     static H:\Year3\Microprocessors\Memory_Game.X\Main.asm
                       d1   0x000027       data     static H:\Year3\Microprocessors\Memory_Game.X\Main.asm
                       d2   0x000028       data     static H:\Year3\Microprocessors\Memory_Game.X\Main.asm
                countdown   0x000029       data     extern H:\Year3\Microprocessors\Memory_Game.X\Main.asm
               no_buttons   0x00002a       data     extern H:\Year3\Microprocessors\Memory_Game.X\Main.asm
                 sequence   0x00002b       data     extern H:\Year3\Microprocessors\Memory_Game.X\Main.asm
             TextLocation   0x000400       data     static H:\Year3\Microprocessors\Memory_Game.X\StartMessage.asm


