MPLINK 5.09, LINKER
Linker Map File - Created Wed Feb 19 17:24:09 2020

                                 Section Info
                  Section       Type    Address   Location Size(Bytes)
                ---------  ---------  ---------  ---------  ---------
                      rst       code   0x000000    program   0x000004
                   .cinit    romdata   0x000004    program   0x000002
                   hi_int       code   0x000008    program   0x00005a
                      LCD       code   0x000062    program   0x0000f2
                    flash       code   0x000154    program   0x00008a
                     main       code   0x0001de    program   0x00007c
                   random       code   0x00025a    program   0x000054
                    pdata       code   0x0002ae    program   0x00001e
                interrupt       code   0x0002cc    program   0x000014
                     acs0      udata   0x000000       data   0x00002a
                   tables      udata   0x000400       data   0x000080



                              Program Memory Usage 
                               Start         End      
                           ---------   ---------      
                            0x000000    0x000005      
                            0x000008    0x0002df      
            734 out of 132120 program addresses used, program memory utilization is 0%



                              Symbols - Sorted by Name
                     Name    Address   Location    Storage File                     
                ---------  ---------  ---------  --------- ---------                
               LCD_Enable   0x000104    program     static C:\Users\Marta\Documents\Imperial\3RD_YEAR\Lab\Memory_Game\LCD.asm
         LCD_Loop_message   0x0000ba    program     static C:\Users\Marta\Documents\Imperial\3RD_YEAR\Lab\Memory_Game\LCD.asm
          LCD_Send_Byte_D   0x0000e2    program     static C:\Users\Marta\Documents\Imperial\3RD_YEAR\Lab\Memory_Game\LCD.asm
          LCD_Send_Byte_I   0x0000c6    program     static C:\Users\Marta\Documents\Imperial\3RD_YEAR\Lab\Memory_Game\LCD.asm
                LCD_Setup   0x000062    program     extern C:\Users\Marta\Documents\Imperial\3RD_YEAR\Lab\Memory_Game\LCD.asm
        LCD_Write_Message   0x0000b8    program     extern C:\Users\Marta\Documents\Imperial\3RD_YEAR\Lab\Memory_Game\LCD.asm
                LCD_delay   0x00014a    program     static C:\Users\Marta\Documents\Imperial\3RD_YEAR\Lab\Memory_Game\LCD.asm
             LCD_delay_ms   0x000128    program     static C:\Users\Marta\Documents\Imperial\3RD_YEAR\Lab\Memory_Game\LCD.asm
           LCD_delay_x4us   0x000136    program     static C:\Users\Marta\Documents\Imperial\3RD_YEAR\Lab\Memory_Game\LCD.asm
             _hi_int_005A   0x00005a    program     static C:\Users\Marta\Documents\Imperial\3RD_YEAR\Lab\Memory_Game\interrupt.asm
             _hi_int_005E   0x00005e    program     static C:\Users\Marta\Documents\Imperial\3RD_YEAR\Lab\Memory_Game\interrupt.asm
                  allLEDS   0x0001ae    program     static C:\Users\Marta\Documents\Imperial\3RD_YEAR\Lab\Memory_Game\Flash_Seq.asm
                     blue   0x000030    program     static C:\Users\Marta\Documents\Imperial\3RD_YEAR\Lab\Memory_Game\interrupt.asm
                  compare   0x00004e    program     static C:\Users\Marta\Documents\Imperial\3RD_YEAR\Lab\Memory_Game\interrupt.asm
                  compare   0x00018a    program     static C:\Users\Marta\Documents\Imperial\3RD_YEAR\Lab\Memory_Game\Flash_Seq.asm
                    delay   0x0001c4    program     static C:\Users\Marta\Documents\Imperial\3RD_YEAR\Lab\Memory_Game\Flash_Seq.asm
                    delay   0x000216    program     static C:\Users\Marta\Documents\Imperial\3RD_YEAR\Lab\Memory_Game\StartMessage.asm
                   delay1   0x0001ce    program     static C:\Users\Marta\Documents\Imperial\3RD_YEAR\Lab\Memory_Game\Flash_Seq.asm
                   delay2   0x0001d8    program     static C:\Users\Marta\Documents\Imperial\3RD_YEAR\Lab\Memory_Game\Flash_Seq.asm
               delayreset   0x0001ba    program     static C:\Users\Marta\Documents\Imperial\3RD_YEAR\Lab\Memory_Game\Flash_Seq.asm
                errormess   0x00005a    program     static C:\Users\Marta\Documents\Imperial\3RD_YEAR\Lab\Memory_Game\interrupt.asm
                  failure   0x00022a    program     extern C:\Users\Marta\Documents\Imperial\3RD_YEAR\Lab\Memory_Game\StartMessage.asm
                 greeting   0x00021c    program     extern C:\Users\Marta\Documents\Imperial\3RD_YEAR\Lab\Memory_Game\StartMessage.asm
                  initial   0x0002ae    program     static C:\Users\Marta\Documents\Imperial\3RD_YEAR\Lab\Memory_Game\StartMessage.asm
                   int_on   0x0002cc    program     extern C:\Users\Marta\Documents\Imperial\3RD_YEAR\Lab\Memory_Game\interrupt.asm
                   lcdlp1   0x00014c    program     static C:\Users\Marta\Documents\Imperial\3RD_YEAR\Lab\Memory_Game\LCD.asm
                   lcdlp2   0x00012a    program     static C:\Users\Marta\Documents\Imperial\3RD_YEAR\Lab\Memory_Game\LCD.asm
                    level   0x00024c    program     static C:\Users\Marta\Documents\Imperial\3RD_YEAR\Lab\Memory_Game\Main.asm
                     load   0x00026c    program     extern C:\Users\Marta\Documents\Imperial\3RD_YEAR\Lab\Memory_Game\lfsr.asm
                     loop   0x0001fc    program     static C:\Users\Marta\Documents\Imperial\3RD_YEAR\Lab\Memory_Game\StartMessage.asm
                  produce   0x000282    program     extern C:\Users\Marta\Documents\Imperial\3RD_YEAR\Lab\Memory_Game\lfsr.asm
                     read   0x000168    program     extern C:\Users\Marta\Documents\Imperial\3RD_YEAR\Lab\Memory_Game\Flash_Seq.asm
                      red   0x000026    program     static C:\Users\Marta\Documents\Imperial\3RD_YEAR\Lab\Memory_Game\interrupt.asm
                 setflash   0x000154    program     extern C:\Users\Marta\Documents\Imperial\3RD_YEAR\Lab\Memory_Game\Flash_Seq.asm
                  setlfsr   0x00025a    program     extern C:\Users\Marta\Documents\Imperial\3RD_YEAR\Lab\Memory_Game\lfsr.asm
                    setup   0x0001de    program     extern C:\Users\Marta\Documents\Imperial\3RD_YEAR\Lab\Memory_Game\StartMessage.asm
                    shift   0x000298    program     extern C:\Users\Marta\Documents\Imperial\3RD_YEAR\Lab\Memory_Game\lfsr.asm
                    start   0x000238    program     static C:\Users\Marta\Documents\Imperial\3RD_YEAR\Lab\Memory_Game\Main.asm
                  success   0x00005e    program     static C:\Users\Marta\Documents\Imperial\3RD_YEAR\Lab\Memory_Game\interrupt.asm
                   violet   0x00003a    program     static C:\Users\Marta\Documents\Imperial\3RD_YEAR\Lab\Memory_Game\interrupt.asm
             writemessage   0x0001e8    program     static C:\Users\Marta\Documents\Imperial\3RD_YEAR\Lab\Memory_Game\StartMessage.asm
                    wrong   0x0002bc    program     static C:\Users\Marta\Documents\Imperial\3RD_YEAR\Lab\Memory_Game\StartMessage.asm
                   yellow   0x000044    program     static C:\Users\Marta\Documents\Imperial\3RD_YEAR\Lab\Memory_Game\interrupt.asm
                LCD_cnt_h   0x000014       data     static C:\Users\Marta\Documents\Imperial\3RD_YEAR\Lab\Memory_Game\LCD.asm
                LCD_cnt_l   0x000013       data     static C:\Users\Marta\Documents\Imperial\3RD_YEAR\Lab\Memory_Game\LCD.asm
               LCD_cnt_ms   0x000015       data     static C:\Users\Marta\Documents\Imperial\3RD_YEAR\Lab\Memory_Game\LCD.asm
              LCD_counter   0x000017       data     static C:\Users\Marta\Documents\Imperial\3RD_YEAR\Lab\Memory_Game\LCD.asm
                  LCD_tmp   0x000016       data     static C:\Users\Marta\Documents\Imperial\3RD_YEAR\Lab\Memory_Game\LCD.asm
              LFSRCounter   0x00001d       data     static C:\Users\Marta\Documents\Imperial\3RD_YEAR\Lab\Memory_Game\lfsr.asm
             TextLocation   0x000400       data     static C:\Users\Marta\Documents\Imperial\3RD_YEAR\Lab\Memory_Game\StartMessage.asm
                     blue   0x000024       data     static C:\Users\Marta\Documents\Imperial\3RD_YEAR\Lab\Memory_Game\Flash_Seq.asm
                  counter   0x000000       data     static C:\Users\Marta\Documents\Imperial\3RD_YEAR\Lab\Memory_Game\StartMessage.asm
                       d0   0x000027       data     static C:\Users\Marta\Documents\Imperial\3RD_YEAR\Lab\Memory_Game\Main.asm
                       d0   0x00001e       data     static C:\Users\Marta\Documents\Imperial\3RD_YEAR\Lab\Memory_Game\Flash_Seq.asm
                       d1   0x000028       data     static C:\Users\Marta\Documents\Imperial\3RD_YEAR\Lab\Memory_Game\Main.asm
                       d1   0x00001f       data     static C:\Users\Marta\Documents\Imperial\3RD_YEAR\Lab\Memory_Game\Flash_Seq.asm
                       d2   0x000029       data     static C:\Users\Marta\Documents\Imperial\3RD_YEAR\Lab\Memory_Game\Main.asm
                       d2   0x000020       data     static C:\Users\Marta\Documents\Imperial\3RD_YEAR\Lab\Memory_Game\Flash_Seq.asm
              delay_count   0x000001       data     static C:\Users\Marta\Documents\Imperial\3RD_YEAR\Lab\Memory_Game\StartMessage.asm
             flashcounter   0x000021       data     extern C:\Users\Marta\Documents\Imperial\3RD_YEAR\Lab\Memory_Game\Flash_Seq.asm
                   length   0x000012       data     static C:\Users\Marta\Documents\Imperial\3RD_YEAR\Lab\Memory_Game\StartMessage.asm
                  message   0x000002       data     static C:\Users\Marta\Documents\Imperial\3RD_YEAR\Lab\Memory_Game\StartMessage.asm
                   random   0x00001c       data     static C:\Users\Marta\Documents\Imperial\3RD_YEAR\Lab\Memory_Game\lfsr.asm
                      red   0x000023       data     static C:\Users\Marta\Documents\Imperial\3RD_YEAR\Lab\Memory_Game\Flash_Seq.asm
                       s0   0x000018       data     static C:\Users\Marta\Documents\Imperial\3RD_YEAR\Lab\Memory_Game\lfsr.asm
                       s1   0x000019       data     static C:\Users\Marta\Documents\Imperial\3RD_YEAR\Lab\Memory_Game\lfsr.asm
                       s2   0x00001a       data     static C:\Users\Marta\Documents\Imperial\3RD_YEAR\Lab\Memory_Game\lfsr.asm
                       s3   0x00001b       data     static C:\Users\Marta\Documents\Imperial\3RD_YEAR\Lab\Memory_Game\lfsr.asm
                   signal   0x000022       data     static C:\Users\Marta\Documents\Imperial\3RD_YEAR\Lab\Memory_Game\Flash_Seq.asm
                   violet   0x000025       data     static C:\Users\Marta\Documents\Imperial\3RD_YEAR\Lab\Memory_Game\Flash_Seq.asm
                   yellow   0x000026       data     static C:\Users\Marta\Documents\Imperial\3RD_YEAR\Lab\Memory_Game\Flash_Seq.asm



                              Symbols - Sorted by Address
                     Name    Address   Location    Storage File                     
                ---------  ---------  ---------  --------- ---------                
                      red   0x000026    program     static C:\Users\Marta\Documents\Imperial\3RD_YEAR\Lab\Memory_Game\interrupt.asm
                     blue   0x000030    program     static C:\Users\Marta\Documents\Imperial\3RD_YEAR\Lab\Memory_Game\interrupt.asm
                   violet   0x00003a    program     static C:\Users\Marta\Documents\Imperial\3RD_YEAR\Lab\Memory_Game\interrupt.asm
                   yellow   0x000044    program     static C:\Users\Marta\Documents\Imperial\3RD_YEAR\Lab\Memory_Game\interrupt.asm
                  compare   0x00004e    program     static C:\Users\Marta\Documents\Imperial\3RD_YEAR\Lab\Memory_Game\interrupt.asm
             _hi_int_005A   0x00005a    program     static C:\Users\Marta\Documents\Imperial\3RD_YEAR\Lab\Memory_Game\interrupt.asm
                errormess   0x00005a    program     static C:\Users\Marta\Documents\Imperial\3RD_YEAR\Lab\Memory_Game\interrupt.asm
                  success   0x00005e    program     static C:\Users\Marta\Documents\Imperial\3RD_YEAR\Lab\Memory_Game\interrupt.asm
             _hi_int_005E   0x00005e    program     static C:\Users\Marta\Documents\Imperial\3RD_YEAR\Lab\Memory_Game\interrupt.asm
                LCD_Setup   0x000062    program     extern C:\Users\Marta\Documents\Imperial\3RD_YEAR\Lab\Memory_Game\LCD.asm
        LCD_Write_Message   0x0000b8    program     extern C:\Users\Marta\Documents\Imperial\3RD_YEAR\Lab\Memory_Game\LCD.asm
         LCD_Loop_message   0x0000ba    program     static C:\Users\Marta\Documents\Imperial\3RD_YEAR\Lab\Memory_Game\LCD.asm
          LCD_Send_Byte_I   0x0000c6    program     static C:\Users\Marta\Documents\Imperial\3RD_YEAR\Lab\Memory_Game\LCD.asm
          LCD_Send_Byte_D   0x0000e2    program     static C:\Users\Marta\Documents\Imperial\3RD_YEAR\Lab\Memory_Game\LCD.asm
               LCD_Enable   0x000104    program     static C:\Users\Marta\Documents\Imperial\3RD_YEAR\Lab\Memory_Game\LCD.asm
             LCD_delay_ms   0x000128    program     static C:\Users\Marta\Documents\Imperial\3RD_YEAR\Lab\Memory_Game\LCD.asm
                   lcdlp2   0x00012a    program     static C:\Users\Marta\Documents\Imperial\3RD_YEAR\Lab\Memory_Game\LCD.asm
           LCD_delay_x4us   0x000136    program     static C:\Users\Marta\Documents\Imperial\3RD_YEAR\Lab\Memory_Game\LCD.asm
                LCD_delay   0x00014a    program     static C:\Users\Marta\Documents\Imperial\3RD_YEAR\Lab\Memory_Game\LCD.asm
                   lcdlp1   0x00014c    program     static C:\Users\Marta\Documents\Imperial\3RD_YEAR\Lab\Memory_Game\LCD.asm
                 setflash   0x000154    program     extern C:\Users\Marta\Documents\Imperial\3RD_YEAR\Lab\Memory_Game\Flash_Seq.asm
                     read   0x000168    program     extern C:\Users\Marta\Documents\Imperial\3RD_YEAR\Lab\Memory_Game\Flash_Seq.asm
                  compare   0x00018a    program     static C:\Users\Marta\Documents\Imperial\3RD_YEAR\Lab\Memory_Game\Flash_Seq.asm
                  allLEDS   0x0001ae    program     static C:\Users\Marta\Documents\Imperial\3RD_YEAR\Lab\Memory_Game\Flash_Seq.asm
               delayreset   0x0001ba    program     static C:\Users\Marta\Documents\Imperial\3RD_YEAR\Lab\Memory_Game\Flash_Seq.asm
                    delay   0x0001c4    program     static C:\Users\Marta\Documents\Imperial\3RD_YEAR\Lab\Memory_Game\Flash_Seq.asm
                   delay1   0x0001ce    program     static C:\Users\Marta\Documents\Imperial\3RD_YEAR\Lab\Memory_Game\Flash_Seq.asm
                   delay2   0x0001d8    program     static C:\Users\Marta\Documents\Imperial\3RD_YEAR\Lab\Memory_Game\Flash_Seq.asm
                    setup   0x0001de    program     extern C:\Users\Marta\Documents\Imperial\3RD_YEAR\Lab\Memory_Game\StartMessage.asm
             writemessage   0x0001e8    program     static C:\Users\Marta\Documents\Imperial\3RD_YEAR\Lab\Memory_Game\StartMessage.asm
                     loop   0x0001fc    program     static C:\Users\Marta\Documents\Imperial\3RD_YEAR\Lab\Memory_Game\StartMessage.asm
                    delay   0x000216    program     static C:\Users\Marta\Documents\Imperial\3RD_YEAR\Lab\Memory_Game\StartMessage.asm
                 greeting   0x00021c    program     extern C:\Users\Marta\Documents\Imperial\3RD_YEAR\Lab\Memory_Game\StartMessage.asm
                  failure   0x00022a    program     extern C:\Users\Marta\Documents\Imperial\3RD_YEAR\Lab\Memory_Game\StartMessage.asm
                    start   0x000238    program     static C:\Users\Marta\Documents\Imperial\3RD_YEAR\Lab\Memory_Game\Main.asm
                    level   0x00024c    program     static C:\Users\Marta\Documents\Imperial\3RD_YEAR\Lab\Memory_Game\Main.asm
                  setlfsr   0x00025a    program     extern C:\Users\Marta\Documents\Imperial\3RD_YEAR\Lab\Memory_Game\lfsr.asm
                     load   0x00026c    program     extern C:\Users\Marta\Documents\Imperial\3RD_YEAR\Lab\Memory_Game\lfsr.asm
                  produce   0x000282    program     extern C:\Users\Marta\Documents\Imperial\3RD_YEAR\Lab\Memory_Game\lfsr.asm
                    shift   0x000298    program     extern C:\Users\Marta\Documents\Imperial\3RD_YEAR\Lab\Memory_Game\lfsr.asm
                  initial   0x0002ae    program     static C:\Users\Marta\Documents\Imperial\3RD_YEAR\Lab\Memory_Game\StartMessage.asm
                    wrong   0x0002bc    program     static C:\Users\Marta\Documents\Imperial\3RD_YEAR\Lab\Memory_Game\StartMessage.asm
                   int_on   0x0002cc    program     extern C:\Users\Marta\Documents\Imperial\3RD_YEAR\Lab\Memory_Game\interrupt.asm
                  counter   0x000000       data     static C:\Users\Marta\Documents\Imperial\3RD_YEAR\Lab\Memory_Game\StartMessage.asm
              delay_count   0x000001       data     static C:\Users\Marta\Documents\Imperial\3RD_YEAR\Lab\Memory_Game\StartMessage.asm
                  message   0x000002       data     static C:\Users\Marta\Documents\Imperial\3RD_YEAR\Lab\Memory_Game\StartMessage.asm
                   length   0x000012       data     static C:\Users\Marta\Documents\Imperial\3RD_YEAR\Lab\Memory_Game\StartMessage.asm
                LCD_cnt_l   0x000013       data     static C:\Users\Marta\Documents\Imperial\3RD_YEAR\Lab\Memory_Game\LCD.asm
                LCD_cnt_h   0x000014       data     static C:\Users\Marta\Documents\Imperial\3RD_YEAR\Lab\Memory_Game\LCD.asm
               LCD_cnt_ms   0x000015       data     static C:\Users\Marta\Documents\Imperial\3RD_YEAR\Lab\Memory_Game\LCD.asm
                  LCD_tmp   0x000016       data     static C:\Users\Marta\Documents\Imperial\3RD_YEAR\Lab\Memory_Game\LCD.asm
              LCD_counter   0x000017       data     static C:\Users\Marta\Documents\Imperial\3RD_YEAR\Lab\Memory_Game\LCD.asm
                       s0   0x000018       data     static C:\Users\Marta\Documents\Imperial\3RD_YEAR\Lab\Memory_Game\lfsr.asm
                       s1   0x000019       data     static C:\Users\Marta\Documents\Imperial\3RD_YEAR\Lab\Memory_Game\lfsr.asm
                       s2   0x00001a       data     static C:\Users\Marta\Documents\Imperial\3RD_YEAR\Lab\Memory_Game\lfsr.asm
                       s3   0x00001b       data     static C:\Users\Marta\Documents\Imperial\3RD_YEAR\Lab\Memory_Game\lfsr.asm
                   random   0x00001c       data     static C:\Users\Marta\Documents\Imperial\3RD_YEAR\Lab\Memory_Game\lfsr.asm
              LFSRCounter   0x00001d       data     static C:\Users\Marta\Documents\Imperial\3RD_YEAR\Lab\Memory_Game\lfsr.asm
                       d0   0x00001e       data     static C:\Users\Marta\Documents\Imperial\3RD_YEAR\Lab\Memory_Game\Flash_Seq.asm
                       d1   0x00001f       data     static C:\Users\Marta\Documents\Imperial\3RD_YEAR\Lab\Memory_Game\Flash_Seq.asm
                       d2   0x000020       data     static C:\Users\Marta\Documents\Imperial\3RD_YEAR\Lab\Memory_Game\Flash_Seq.asm
             flashcounter   0x000021       data     extern C:\Users\Marta\Documents\Imperial\3RD_YEAR\Lab\Memory_Game\Flash_Seq.asm
                   signal   0x000022       data     static C:\Users\Marta\Documents\Imperial\3RD_YEAR\Lab\Memory_Game\Flash_Seq.asm
                      red   0x000023       data     static C:\Users\Marta\Documents\Imperial\3RD_YEAR\Lab\Memory_Game\Flash_Seq.asm
                     blue   0x000024       data     static C:\Users\Marta\Documents\Imperial\3RD_YEAR\Lab\Memory_Game\Flash_Seq.asm
                   violet   0x000025       data     static C:\Users\Marta\Documents\Imperial\3RD_YEAR\Lab\Memory_Game\Flash_Seq.asm
                   yellow   0x000026       data     static C:\Users\Marta\Documents\Imperial\3RD_YEAR\Lab\Memory_Game\Flash_Seq.asm
                       d0   0x000027       data     static C:\Users\Marta\Documents\Imperial\3RD_YEAR\Lab\Memory_Game\Main.asm
                       d1   0x000028       data     static C:\Users\Marta\Documents\Imperial\3RD_YEAR\Lab\Memory_Game\Main.asm
                       d2   0x000029       data     static C:\Users\Marta\Documents\Imperial\3RD_YEAR\Lab\Memory_Game\Main.asm
             TextLocation   0x000400       data     static C:\Users\Marta\Documents\Imperial\3RD_YEAR\Lab\Memory_Game\StartMessage.asm


